src/app/(dashboard)/contratos/_components/contrato-dialog.tsx(46,10): error TS2724: '"@/lib/constants"' has no exported member named 'MAP_TIPOS_SERVICO'. Did you mean 'TIPOS_SERVICO'?
src/app/(dashboard)/contratos/_components/contrato-dialog.tsx(76,9): error TS2322: Type '{ numero: string; tipo: "Ambiental" | "Auditoria" | "Apoio Gerenciamento" | "Consultoria" | "Desapropria├º├Áes" | "Execu├º├úo de Obras" | "Execu├º├úo de Projeto" | "Inspe├º├Áes" | "Interfer├¬ncias" | "Receita" | "Repasse"; ... 6 more ...; contrato_pai_id: string | null; }' is not assignable to type 'AsyncDefaultValues<{ numero: string; tipo: "Ambiental" | "Auditoria" | "Apoio Gerenciamento" | "Consultoria" | "Desapropria├º├Áes" | "Execu├º├úo de Obras" | "Execu├º├úo de Projeto" | "Inspe├º├Áes" | "Interfer├¬ncias" | "Receita" | "Repasse"; ... 6 more ...; contrato_pai_id?: string | ... 1 more ... | undefined; }> | { ...; }...'.
  Types of property 'status' are incompatible.
    Type 'string' is not assignable to type '"A Licitar" | "Aguard. Defini├º├Áes Externas" | "Andamento" | "Autom├ítico Op. Urb." | "Conceito" | "Conclu├¡do" | "DEA - Pend├¬ncias" | "Em Estudo" | "Em Licita├º├úo" | "Incorporado na Obra" | ... 4 more ... | undefined'.
src/app/(dashboard)/contratos/_components/contrato-dialog.tsx(133,55): error TS2345: Argument of type '(data: { numero: string; tipo: "Ambiental" | "Auditoria" | "Apoio Gerenciamento" | "Consultoria" | "Desapropria├º├Áes" | "Execu├º├úo de Obras" | "Execu├º├úo de Projeto" | "Inspe├º├Áes" | "Interfer├¬ncias" | "Receita" | "Repasse"; ... 6 more ...; contrato_pai_id?: string | ... 1 more ... | undefined; }) => Promise<...>' is not assignable to parameter of type 'SubmitHandler<TFieldValues>'.
  Types of parameters 'data' and 'data' are incompatible.
    Type 'TFieldValues' is not assignable to type '{ numero: string; tipo: "Ambiental" | "Auditoria" | "Apoio Gerenciamento" | "Consultoria" | "Desapropria├º├Áes" | "Execu├º├úo de Obras" | "Execu├º├úo de Projeto" | "Inspe├º├Áes" | "Interfer├¬ncias" | "Receita" | "Repasse"; ... 6 more ...; contrato_pai_id?: string | ... 1 more ... | undefined; }'.
      Type 'FieldValues' is missing the following properties from type '{ numero: string; tipo: "Ambiental" | "Auditoria" | "Apoio Gerenciamento" | "Consultoria" | "Desapropria├º├Áes" | "Execu├º├úo de Obras" | "Execu├º├úo de Projeto" | "Inspe├º├Áes" | "Interfer├¬ncias" | "Receita" | "Repasse"; ... 6 more ...; contrato_pai_id?: string | ... 1 more ... | undefined; }': numero, tipo, contratada, valor_total
src/app/(dashboard)/contratos/_components/contrato-dialog.tsx(136,33): error TS2322: Type 'Control<{ numero: string; tipo: "Ambiental" | "Auditoria" | "Apoio Gerenciamento" | "Consultoria" | "Desapropria├º├Áes" | "Execu├º├úo de Obras" | "Execu├º├úo de Projeto" | "Inspe├º├Áes" | "Interfer├¬ncias" | "Receita" | "Repasse"; ... 6 more ...; contrato_pai_id?: string | ... 1 more ... | undefined; }, any, TFieldValues>' is not assignable to type 'Control<{ numero: string; tipo: "Ambiental" | "Auditoria" | "Apoio Gerenciamento" | "Consultoria" | "Desapropria├º├Áes" | "Execu├º├úo de Obras" | "Execu├º├úo de Projeto" | "Inspe├º├Áes" | "Interfer├¬ncias" | "Receita" | "Repasse"; ... 6 more ...; contrato_pai_id?: string | ... 1 more ... | undefined; }, any, { ...; }>'.
  The types of '_options.resolver' are incompatible between these types.
    Type 'Resolver<{ numero: string; tipo: "Ambiental" | "Auditoria" | "Apoio Gerenciamento" | "Consultoria" | "Desapropria├º├Áes" | "Execu├º├úo de Obras" | "Execu├º├úo de Projeto" | "Inspe├º├Áes" | "Interfer├¬ncias" | "Receita" | "Repasse"; ... 6 more ...; contrato_pai_id?: string | ... 1 more ... | undefined; }, any, TFieldValues> |...' is not assignable to type 'Resolver<{ numero: string; tipo: "Ambiental" | "Auditoria" | "Apoio Gerenciamento" | "Consultoria" | "Desapropria├º├Áes" | "Execu├º├úo de Obras" | "Execu├º├úo de Projeto" | "Inspe├º├Áes" | "Interfer├¬ncias" | "Receita" | "Repasse"; ... 6 more ...; contrato_pai_id?: string | ... 1 more ... | undefined; }, any, { ...; }> | und...'.
      Type 'Resolver<{ numero: string; tipo: "Ambiental" | "Auditoria" | "Apoio Gerenciamento" | "Consultoria" | "Desapropria├º├Áes" | "Execu├º├úo de Obras" | "Execu├º├úo de Projeto" | "Inspe├º├Áes" | "Interfer├¬ncias" | "Receita" | "Repasse"; ... 6 more ...; contrato_pai_id?: string | ... 1 more ... | undefined; }, any, TFieldValues>' is not assignable to type 'Resolver<{ numero: string; tipo: "Ambiental" | "Auditoria" | "Apoio Gerenciamento" | "Consultoria" | "Desapropria├º├Áes" | "Execu├º├úo de Obras" | "Execu├º├úo de Projeto" | "Inspe├º├Áes" | "Interfer├¬ncias" | "Receita" | "Repasse"; ... 6 more ...; contrato_pai_id?: string | ... 1 more ... | undefined; }, any, { ...; }>'.
        Type 'ResolverResult<{ numero: string; tipo: "Ambiental" | "Auditoria" | "Apoio Gerenciamento" | "Consultoria" | "Desapropria├º├Áes" | "Execu├º├úo de Obras" | "Execu├º├úo de Projeto" | "Inspe├º├Áes" | "Interfer├¬ncias" | "Receita" | "Repasse"; ... 6 more ...; contrato_pai_id?: string | ... 1 more ... | undefined; }, TFieldValues> ...' is not assignable to type 'ResolverResult<{ numero: string; tipo: "Ambiental" | "Auditoria" | "Apoio Gerenciamento" | "Consultoria" | "Desapropria├º├Áes" | "Execu├º├úo de Obras" | "Execu├º├úo de Projeto" | "Inspe├º├Áes" | "Interfer├¬ncias" | "Receita" | "Repasse"; ... 6 more ...; contrato_pai_id?: string | ... 1 more ... | undefined; }, { ...; }> | Pr...'.
          Type 'ResolverSuccess<TFieldValues>' is not assignable to type 'ResolverResult<{ numero: string; tipo: "Ambiental" | "Auditoria" | "Apoio Gerenciamento" | "Consultoria" | "Desapropria├º├Áes" | "Execu├º├úo de Obras" | "Execu├º├úo de Projeto" | "Inspe├º├Áes" | "Interfer├¬ncias" | "Receita" | "Repasse"; ... 6 more ...; contrato_pai_id?: string | ... 1 more ... | undefined; }, { ...; }> | Pr...'.
            Type 'ResolverSuccess<TFieldValues>' is not assignable to type 'ResolverSuccess<{ numero: string; tipo: "Ambiental" | "Auditoria" | "Apoio Gerenciamento" | "Consultoria" | "Desapropria├º├Áes" | "Execu├º├úo de Obras" | "Execu├º├úo de Projeto" | "Inspe├º├Áes" | "Interfer├¬ncias" | "Receita" | "Repasse"; ... 6 more ...; contrato_pai_id?: string | ... 1 more ... | undefined; }>'.
              Type 'TFieldValues' is not assignable to type '{ numero: string; tipo: "Ambiental" | "Auditoria" | "Apoio Gerenciamento" | "Consultoria" | "Desapropria├º├Áes" | "Execu├º├úo de Obras" | "Execu├º├úo de Projeto" | "Inspe├º├Áes" | "Interfer├¬ncias" | "Receita" | "Repasse"; ... 6 more ...; contrato_pai_id?: string | ... 1 more ... | undefined; }'.
                Type 'FieldValues' is missing the following properties from type '{ numero: string; tipo: "Ambiental" | "Auditoria" | "Apoio Gerenciamento" | "Consultoria" | "Desapropria├º├Áes" | "Execu├º├úo de Obras" | "Execu├º├úo de Projeto" | "Inspe├º├Áes" | "Interfer├¬ncias" | "Receita" | "Repasse"; ... 6 more ...; contrato_pai_id?: string | ... 1 more ... | undefined; }': numero, tipo, contratada, valor_total
src/app/(dashboard)/contratos/_components/contrato-dialog.tsx(149,33): error TS2322: Type 'Control<{ numero: string; tipo: "Ambiental" | "Auditoria" | "Apoio Gerenciamento" | "Consultoria" | "Desapropria├º├Áes" | "Execu├º├úo de Obras" | "Execu├º├úo de Projeto" | "Inspe├º├Áes" | "Interfer├¬ncias" | "Receita" | "Repasse"; ... 6 more ...; contrato_pai_id?: string | ... 1 more ... | undefined; }, any, TFieldValues>' is not assignable to type 'Control<{ numero: string; tipo: "Ambiental" | "Auditoria" | "Apoio Gerenciamento" | "Consultoria" | "Desapropria├º├Áes" | "Execu├º├úo de Obras" | "Execu├º├úo de Projeto" | "Inspe├º├Áes" | "Interfer├¬ncias" | "Receita" | "Repasse"; ... 6 more ...; contrato_pai_id?: string | ... 1 more ... | undefined; }, any, { ...; }>'.
  The types of '_options.resolver' are incompatible between these types.
    Type 'Resolver<{ numero: string; tipo: "Ambiental" | "Auditoria" | "Apoio Gerenciamento" | "Consultoria" | "Desapropria├º├Áes" | "Execu├º├úo de Obras" | "Execu├º├úo de Projeto" | "Inspe├º├Áes" | "Interfer├¬ncias" | "Receita" | "Repasse"; ... 6 more ...; contrato_pai_id?: string | ... 1 more ... | undefined; }, any, TFieldValues> |...' is not assignable to type 'Resolver<{ numero: string; tipo: "Ambiental" | "Auditoria" | "Apoio Gerenciamento" | "Consultoria" | "Desapropria├º├Áes" | "Execu├º├úo de Obras" | "Execu├º├úo de Projeto" | "Inspe├º├Áes" | "Interfer├¬ncias" | "Receita" | "Repasse"; ... 6 more ...; contrato_pai_id?: string | ... 1 more ... | undefined; }, any, { ...; }> | und...'.
      Type 'Resolver<{ numero: string; tipo: "Ambiental" | "Auditoria" | "Apoio Gerenciamento" | "Consultoria" | "Desapropria├º├Áes" | "Execu├º├úo de Obras" | "Execu├º├úo de Projeto" | "Inspe├º├Áes" | "Interfer├¬ncias" | "Receita" | "Repasse"; ... 6 more ...; contrato_pai_id?: string | ... 1 more ... | undefined; }, any, TFieldValues>' is not assignable to type 'Resolver<{ numero: string; tipo: "Ambiental" | "Auditoria" | "Apoio Gerenciamento" | "Consultoria" | "Desapropria├º├Áes" | "Execu├º├úo de Obras" | "Execu├º├úo de Projeto" | "Inspe├º├Áes" | "Interfer├¬ncias" | "Receita" | "Repasse"; ... 6 more ...; contrato_pai_id?: string | ... 1 more ... | undefined; }, any, { ...; }>'.
        Type 'ResolverResult<{ numero: string; tipo: "Ambiental" | "Auditoria" | "Apoio Gerenciamento" | "Consultoria" | "Desapropria├º├Áes" | "Execu├º├úo de Obras" | "Execu├º├úo de Projeto" | "Inspe├º├Áes" | "Interfer├¬ncias" | "Receita" | "Repasse"; ... 6 more ...; contrato_pai_id?: string | ... 1 more ... | undefined; }, TFieldValues> ...' is not assignable to type 'ResolverResult<{ numero: string; tipo: "Ambiental" | "Auditoria" | "Apoio Gerenciamento" | "Consultoria" | "Desapropria├º├Áes" | "Execu├º├úo de Obras" | "Execu├º├úo de Projeto" | "Inspe├º├Áes" | "Interfer├¬ncias" | "Receita" | "Repasse"; ... 6 more ...; contrato_pai_id?: string | ... 1 more ... | undefined; }, { ...; }> | Pr...'.
          Type 'ResolverSuccess<TFieldValues>' is not assignable to type 'ResolverResult<{ numero: string; tipo: "Ambiental" | "Auditoria" | "Apoio Gerenciamento" | "Consultoria" | "Desapropria├º├Áes" | "Execu├º├úo de Obras" | "Execu├º├úo de Projeto" | "Inspe├º├Áes" | "Interfer├¬ncias" | "Receita" | "Repasse"; ... 6 more ...; contrato_pai_id?: string | ... 1 more ... | undefined; }, { ...; }> | Pr...'.
            Type 'ResolverSuccess<TFieldValues>' is not assignable to type 'ResolverSuccess<{ numero: string; tipo: "Ambiental" | "Auditoria" | "Apoio Gerenciamento" | "Consultoria" | "Desapropria├º├Áes" | "Execu├º├úo de Obras" | "Execu├º├úo de Projeto" | "Inspe├º├Áes" | "Interfer├¬ncias" | "Receita" | "Repasse"; ... 6 more ...; contrato_pai_id?: string | ... 1 more ... | undefined; }>'.
              Type 'TFieldValues' is not assignable to type '{ numero: string; tipo: "Ambiental" | "Auditoria" | "Apoio Gerenciamento" | "Consultoria" | "Desapropria├º├Áes" | "Execu├º├úo de Obras" | "Execu├º├úo de Projeto" | "Inspe├º├Áes" | "Interfer├¬ncias" | "Receita" | "Repasse"; ... 6 more ...; contrato_pai_id?: string | ... 1 more ... | undefined; }'.
                Type 'FieldValues' is missing the following properties from type '{ numero: string; tipo: "Ambiental" | "Auditoria" | "Apoio Gerenciamento" | "Consultoria" | "Desapropria├º├Áes" | "Execu├º├úo de Obras" | "Execu├º├úo de Projeto" | "Inspe├º├Áes" | "Interfer├¬ncias" | "Receita" | "Repasse"; ... 6 more ...; contrato_pai_id?: string | ... 1 more ... | undefined; }': numero, tipo, contratada, valor_total
src/app/(dashboard)/contratos/_components/contrato-dialog.tsx(174,33): error TS2322: Type 'Control<{ numero: string; tipo: "Ambiental" | "Auditoria" | "Apoio Gerenciamento" | "Consultoria" | "Desapropria├º├Áes" | "Execu├º├úo de Obras" | "Execu├º├úo de Projeto" | "Inspe├º├Áes" | "Interfer├¬ncias" | "Receita" | "Repasse"; ... 6 more ...; contrato_pai_id?: string | ... 1 more ... | undefined; }, any, TFieldValues>' is not assignable to type 'Control<{ numero: string; tipo: "Ambiental" | "Auditoria" | "Apoio Gerenciamento" | "Consultoria" | "Desapropria├º├Áes" | "Execu├º├úo de Obras" | "Execu├º├úo de Projeto" | "Inspe├º├Áes" | "Interfer├¬ncias" | "Receita" | "Repasse"; ... 6 more ...; contrato_pai_id?: string | ... 1 more ... | undefined; }, any, { ...; }>'.
  The types of '_options.resolver' are incompatible between these types.
    Type 'Resolver<{ numero: string; tipo: "Ambiental" | "Auditoria" | "Apoio Gerenciamento" | "Consultoria" | "Desapropria├º├Áes" | "Execu├º├úo de Obras" | "Execu├º├úo de Projeto" | "Inspe├º├Áes" | "Interfer├¬ncias" | "Receita" | "Repasse"; ... 6 more ...; contrato_pai_id?: string | ... 1 more ... | undefined; }, any, TFieldValues> |...' is not assignable to type 'Resolver<{ numero: string; tipo: "Ambiental" | "Auditoria" | "Apoio Gerenciamento" | "Consultoria" | "Desapropria├º├Áes" | "Execu├º├úo de Obras" | "Execu├º├úo de Projeto" | "Inspe├º├Áes" | "Interfer├¬ncias" | "Receita" | "Repasse"; ... 6 more ...; contrato_pai_id?: string | ... 1 more ... | undefined; }, any, { ...; }> | und...'.
      Type 'Resolver<{ numero: string; tipo: "Ambiental" | "Auditoria" | "Apoio Gerenciamento" | "Consultoria" | "Desapropria├º├Áes" | "Execu├º├úo de Obras" | "Execu├º├úo de Projeto" | "Inspe├º├Áes" | "Interfer├¬ncias" | "Receita" | "Repasse"; ... 6 more ...; contrato_pai_id?: string | ... 1 more ... | undefined; }, any, TFieldValues>' is not assignable to type 'Resolver<{ numero: string; tipo: "Ambiental" | "Auditoria" | "Apoio Gerenciamento" | "Consultoria" | "Desapropria├º├Áes" | "Execu├º├úo de Obras" | "Execu├º├úo de Projeto" | "Inspe├º├Áes" | "Interfer├¬ncias" | "Receita" | "Repasse"; ... 6 more ...; contrato_pai_id?: string | ... 1 more ... | undefined; }, any, { ...; }>'.
        Type 'ResolverResult<{ numero: string; tipo: "Ambiental" | "Auditoria" | "Apoio Gerenciamento" | "Consultoria" | "Desapropria├º├Áes" | "Execu├º├úo de Obras" | "Execu├º├úo de Projeto" | "Inspe├º├Áes" | "Interfer├¬ncias" | "Receita" | "Repasse"; ... 6 more ...; contrato_pai_id?: string | ... 1 more ... | undefined; }, TFieldValues> ...' is not assignable to type 'ResolverResult<{ numero: string; tipo: "Ambiental" | "Auditoria" | "Apoio Gerenciamento" | "Consultoria" | "Desapropria├º├Áes" | "Execu├º├úo de Obras" | "Execu├º├úo de Projeto" | "Inspe├º├Áes" | "Interfer├¬ncias" | "Receita" | "Repasse"; ... 6 more ...; contrato_pai_id?: string | ... 1 more ... | undefined; }, { ...; }> | Pr...'.
          Type 'ResolverSuccess<TFieldValues>' is not assignable to type 'ResolverResult<{ numero: string; tipo: "Ambiental" | "Auditoria" | "Apoio Gerenciamento" | "Consultoria" | "Desapropria├º├Áes" | "Execu├º├úo de Obras" | "Execu├º├úo de Projeto" | "Inspe├º├Áes" | "Interfer├¬ncias" | "Receita" | "Repasse"; ... 6 more ...; contrato_pai_id?: string | ... 1 more ... | undefined; }, { ...; }> | Pr...'.
            Type 'ResolverSuccess<TFieldValues>' is not assignable to type 'ResolverSuccess<{ numero: string; tipo: "Ambiental" | "Auditoria" | "Apoio Gerenciamento" | "Consultoria" | "Desapropria├º├Áes" | "Execu├º├úo de Obras" | "Execu├º├úo de Projeto" | "Inspe├º├Áes" | "Interfer├¬ncias" | "Receita" | "Repasse"; ... 6 more ...; contrato_pai_id?: string | ... 1 more ... | undefined; }>'.
              Type 'TFieldValues' is not assignable to type '{ numero: string; tipo: "Ambiental" | "Auditoria" | "Apoio Gerenciamento" | "Consultoria" | "Desapropria├º├Áes" | "Execu├º├úo de Obras" | "Execu├º├úo de Projeto" | "Inspe├º├Áes" | "Interfer├¬ncias" | "Receita" | "Repasse"; ... 6 more ...; contrato_pai_id?: string | ... 1 more ... | undefined; }'.
                Type 'FieldValues' is missing the following properties from type '{ numero: string; tipo: "Ambiental" | "Auditoria" | "Apoio Gerenciamento" | "Consultoria" | "Desapropria├º├Áes" | "Execu├º├úo de Obras" | "Execu├º├úo de Projeto" | "Inspe├º├Áes" | "Interfer├¬ncias" | "Receita" | "Repasse"; ... 6 more ...; contrato_pai_id?: string | ... 1 more ... | undefined; }': numero, tipo, contratada, valor_total
src/app/(dashboard)/contratos/_components/contrato-dialog.tsx(196,33): error TS2322: Type 'Control<{ numero: string; tipo: "Ambiental" | "Auditoria" | "Apoio Gerenciamento" | "Consultoria" | "Desapropria├º├Áes" | "Execu├º├úo de Obras" | "Execu├º├úo de Projeto" | "Inspe├º├Áes" | "Interfer├¬ncias" | "Receita" | "Repasse"; ... 6 more ...; contrato_pai_id?: string | ... 1 more ... | undefined; }, any, TFieldValues>' is not assignable to type 'Control<{ numero: string; tipo: "Ambiental" | "Auditoria" | "Apoio Gerenciamento" | "Consultoria" | "Desapropria├º├Áes" | "Execu├º├úo de Obras" | "Execu├º├úo de Projeto" | "Inspe├º├Áes" | "Interfer├¬ncias" | "Receita" | "Repasse"; ... 6 more ...; contrato_pai_id?: string | ... 1 more ... | undefined; }, any, { ...; }>'.
  The types of '_options.resolver' are incompatible between these types.
    Type 'Resolver<{ numero: string; tipo: "Ambiental" | "Auditoria" | "Apoio Gerenciamento" | "Consultoria" | "Desapropria├º├Áes" | "Execu├º├úo de Obras" | "Execu├º├úo de Projeto" | "Inspe├º├Áes" | "Interfer├¬ncias" | "Receita" | "Repasse"; ... 6 more ...; contrato_pai_id?: string | ... 1 more ... | undefined; }, any, TFieldValues> |...' is not assignable to type 'Resolver<{ numero: string; tipo: "Ambiental" | "Auditoria" | "Apoio Gerenciamento" | "Consultoria" | "Desapropria├º├Áes" | "Execu├º├úo de Obras" | "Execu├º├úo de Projeto" | "Inspe├º├Áes" | "Interfer├¬ncias" | "Receita" | "Repasse"; ... 6 more ...; contrato_pai_id?: string | ... 1 more ... | undefined; }, any, { ...; }> | und...'.
      Type 'Resolver<{ numero: string; tipo: "Ambiental" | "Auditoria" | "Apoio Gerenciamento" | "Consultoria" | "Desapropria├º├Áes" | "Execu├º├úo de Obras" | "Execu├º├úo de Projeto" | "Inspe├º├Áes" | "Interfer├¬ncias" | "Receita" | "Repasse"; ... 6 more ...; contrato_pai_id?: string | ... 1 more ... | undefined; }, any, TFieldValues>' is not assignable to type 'Resolver<{ numero: string; tipo: "Ambiental" | "Auditoria" | "Apoio Gerenciamento" | "Consultoria" | "Desapropria├º├Áes" | "Execu├º├úo de Obras" | "Execu├º├úo de Projeto" | "Inspe├º├Áes" | "Interfer├¬ncias" | "Receita" | "Repasse"; ... 6 more ...; contrato_pai_id?: string | ... 1 more ... | undefined; }, any, { ...; }>'.
        Type 'ResolverResult<{ numero: string; tipo: "Ambiental" | "Auditoria" | "Apoio Gerenciamento" | "Consultoria" | "Desapropria├º├Áes" | "Execu├º├úo de Obras" | "Execu├º├úo de Projeto" | "Inspe├º├Áes" | "Interfer├¬ncias" | "Receita" | "Repasse"; ... 6 more ...; contrato_pai_id?: string | ... 1 more ... | undefined; }, TFieldValues> ...' is not assignable to type 'ResolverResult<{ numero: string; tipo: "Ambiental" | "Auditoria" | "Apoio Gerenciamento" | "Consultoria" | "Desapropria├º├Áes" | "Execu├º├úo de Obras" | "Execu├º├úo de Projeto" | "Inspe├º├Áes" | "Interfer├¬ncias" | "Receita" | "Repasse"; ... 6 more ...; contrato_pai_id?: string | ... 1 more ... | undefined; }, { ...; }> | Pr...'.
          Type 'ResolverSuccess<TFieldValues>' is not assignable to type 'ResolverResult<{ numero: string; tipo: "Ambiental" | "Auditoria" | "Apoio Gerenciamento" | "Consultoria" | "Desapropria├º├Áes" | "Execu├º├úo de Obras" | "Execu├º├úo de Projeto" | "Inspe├º├Áes" | "Interfer├¬ncias" | "Receita" | "Repasse"; ... 6 more ...; contrato_pai_id?: string | ... 1 more ... | undefined; }, { ...; }> | Pr...'.
            Type 'ResolverSuccess<TFieldValues>' is not assignable to type 'ResolverSuccess<{ numero: string; tipo: "Ambiental" | "Auditoria" | "Apoio Gerenciamento" | "Consultoria" | "Desapropria├º├Áes" | "Execu├º├úo de Obras" | "Execu├º├úo de Projeto" | "Inspe├º├Áes" | "Interfer├¬ncias" | "Receita" | "Repasse"; ... 6 more ...; contrato_pai_id?: string | ... 1 more ... | undefined; }>'.
              Type 'TFieldValues' is not assignable to type '{ numero: string; tipo: "Ambiental" | "Auditoria" | "Apoio Gerenciamento" | "Consultoria" | "Desapropria├º├Áes" | "Execu├º├úo de Obras" | "Execu├º├úo de Projeto" | "Inspe├º├Áes" | "Interfer├¬ncias" | "Receita" | "Repasse"; ... 6 more ...; contrato_pai_id?: string | ... 1 more ... | undefined; }'.
                Type 'FieldValues' is missing the following properties from type '{ numero: string; tipo: "Ambiental" | "Auditoria" | "Apoio Gerenciamento" | "Consultoria" | "Desapropria├º├Áes" | "Execu├º├úo de Obras" | "Execu├º├úo de Projeto" | "Inspe├º├Áes" | "Interfer├¬ncias" | "Receita" | "Repasse"; ... 6 more ...; contrato_pai_id?: string | ... 1 more ... | undefined; }': numero, tipo, contratada, valor_total
src/app/(dashboard)/contratos/_components/contrato-dialog.tsx(215,29): error TS2322: Type 'Control<{ numero: string; tipo: "Ambiental" | "Auditoria" | "Apoio Gerenciamento" | "Consultoria" | "Desapropria├º├Áes" | "Execu├º├úo de Obras" | "Execu├º├úo de Projeto" | "Inspe├º├Áes" | "Interfer├¬ncias" | "Receita" | "Repasse"; ... 6 more ...; contrato_pai_id?: string | ... 1 more ... | undefined; }, any, TFieldValues>' is not assignable to type 'Control<{ numero: string; tipo: "Ambiental" | "Auditoria" | "Apoio Gerenciamento" | "Consultoria" | "Desapropria├º├Áes" | "Execu├º├úo de Obras" | "Execu├º├úo de Projeto" | "Inspe├º├Áes" | "Interfer├¬ncias" | "Receita" | "Repasse"; ... 6 more ...; contrato_pai_id?: string | ... 1 more ... | undefined; }, any, { ...; }>'.
  The types of '_options.resolver' are incompatible between these types.
    Type 'Resolver<{ numero: string; tipo: "Ambiental" | "Auditoria" | "Apoio Gerenciamento" | "Consultoria" | "Desapropria├º├Áes" | "Execu├º├úo de Obras" | "Execu├º├úo de Projeto" | "Inspe├º├Áes" | "Interfer├¬ncias" | "Receita" | "Repasse"; ... 6 more ...; contrato_pai_id?: string | ... 1 more ... | undefined; }, any, TFieldValues> |...' is not assignable to type 'Resolver<{ numero: string; tipo: "Ambiental" | "Auditoria" | "Apoio Gerenciamento" | "Consultoria" | "Desapropria├º├Áes" | "Execu├º├úo de Obras" | "Execu├º├úo de Projeto" | "Inspe├º├Áes" | "Interfer├¬ncias" | "Receita" | "Repasse"; ... 6 more ...; contrato_pai_id?: string | ... 1 more ... | undefined; }, any, { ...; }> | und...'.
      Type 'Resolver<{ numero: string; tipo: "Ambiental" | "Auditoria" | "Apoio Gerenciamento" | "Consultoria" | "Desapropria├º├Áes" | "Execu├º├úo de Obras" | "Execu├º├úo de Projeto" | "Inspe├º├Áes" | "Interfer├¬ncias" | "Receita" | "Repasse"; ... 6 more ...; contrato_pai_id?: string | ... 1 more ... | undefined; }, any, TFieldValues>' is not assignable to type 'Resolver<{ numero: string; tipo: "Ambiental" | "Auditoria" | "Apoio Gerenciamento" | "Consultoria" | "Desapropria├º├Áes" | "Execu├º├úo de Obras" | "Execu├º├úo de Projeto" | "Inspe├º├Áes" | "Interfer├¬ncias" | "Receita" | "Repasse"; ... 6 more ...; contrato_pai_id?: string | ... 1 more ... | undefined; }, any, { ...; }>'.
        Type 'ResolverResult<{ numero: string; tipo: "Ambiental" | "Auditoria" | "Apoio Gerenciamento" | "Consultoria" | "Desapropria├º├Áes" | "Execu├º├úo de Obras" | "Execu├º├úo de Projeto" | "Inspe├º├Áes" | "Interfer├¬ncias" | "Receita" | "Repasse"; ... 6 more ...; contrato_pai_id?: string | ... 1 more ... | undefined; }, TFieldValues> ...' is not assignable to type 'ResolverResult<{ numero: string; tipo: "Ambiental" | "Auditoria" | "Apoio Gerenciamento" | "Consultoria" | "Desapropria├º├Áes" | "Execu├º├úo de Obras" | "Execu├º├úo de Projeto" | "Inspe├º├Áes" | "Interfer├¬ncias" | "Receita" | "Repasse"; ... 6 more ...; contrato_pai_id?: string | ... 1 more ... | undefined; }, { ...; }> | Pr...'.
          Type 'ResolverSuccess<TFieldValues>' is not assignable to type 'ResolverResult<{ numero: string; tipo: "Ambiental" | "Auditoria" | "Apoio Gerenciamento" | "Consultoria" | "Desapropria├º├Áes" | "Execu├º├úo de Obras" | "Execu├º├úo de Projeto" | "Inspe├º├Áes" | "Interfer├¬ncias" | "Receita" | "Repasse"; ... 6 more ...; contrato_pai_id?: string | ... 1 more ... | undefined; }, { ...; }> | Pr...'.
            Type 'ResolverSuccess<TFieldValues>' is not assignable to type 'ResolverSuccess<{ numero: string; tipo: "Ambiental" | "Auditoria" | "Apoio Gerenciamento" | "Consultoria" | "Desapropria├º├Áes" | "Execu├º├úo de Obras" | "Execu├º├úo de Projeto" | "Inspe├º├Áes" | "Interfer├¬ncias" | "Receita" | "Repasse"; ... 6 more ...; contrato_pai_id?: string | ... 1 more ... | undefined; }>'.
              Type 'TFieldValues' is not assignable to type '{ numero: string; tipo: "Ambiental" | "Auditoria" | "Apoio Gerenciamento" | "Consultoria" | "Desapropria├º├Áes" | "Execu├º├úo de Obras" | "Execu├º├úo de Projeto" | "Inspe├º├Áes" | "Interfer├¬ncias" | "Receita" | "Repasse"; ... 6 more ...; contrato_pai_id?: string | ... 1 more ... | undefined; }'.
                Type 'FieldValues' is missing the following properties from type '{ numero: string; tipo: "Ambiental" | "Auditoria" | "Apoio Gerenciamento" | "Consultoria" | "Desapropria├º├Áes" | "Execu├º├úo de Obras" | "Execu├º├úo de Projeto" | "Inspe├º├Áes" | "Interfer├¬ncias" | "Receita" | "Repasse"; ... 6 more ...; contrato_pai_id?: string | ... 1 more ... | undefined; }': numero, tipo, contratada, valor_total
src/app/(dashboard)/contratos/_components/contrato-dialog.tsx(230,33): error TS2322: Type 'Control<{ numero: string; tipo: "Ambiental" | "Auditoria" | "Apoio Gerenciamento" | "Consultoria" | "Desapropria├º├Áes" | "Execu├º├úo de Obras" | "Execu├º├úo de Projeto" | "Inspe├º├Áes" | "Interfer├¬ncias" | "Receita" | "Repasse"; ... 6 more ...; contrato_pai_id?: string | ... 1 more ... | undefined; }, any, TFieldValues>' is not assignable to type 'Control<{ numero: string; tipo: "Ambiental" | "Auditoria" | "Apoio Gerenciamento" | "Consultoria" | "Desapropria├º├Áes" | "Execu├º├úo de Obras" | "Execu├º├úo de Projeto" | "Inspe├º├Áes" | "Interfer├¬ncias" | "Receita" | "Repasse"; ... 6 more ...; contrato_pai_id?: string | ... 1 more ... | undefined; }, any, { ...; }>'.
  The types of '_options.resolver' are incompatible between these types.
    Type 'Resolver<{ numero: string; tipo: "Ambiental" | "Auditoria" | "Apoio Gerenciamento" | "Consultoria" | "Desapropria├º├Áes" | "Execu├º├úo de Obras" | "Execu├º├úo de Projeto" | "Inspe├º├Áes" | "Interfer├¬ncias" | "Receita" | "Repasse"; ... 6 more ...; contrato_pai_id?: string | ... 1 more ... | undefined; }, any, TFieldValues> |...' is not assignable to type 'Resolver<{ numero: string; tipo: "Ambiental" | "Auditoria" | "Apoio Gerenciamento" | "Consultoria" | "Desapropria├º├Áes" | "Execu├º├úo de Obras" | "Execu├º├úo de Projeto" | "Inspe├º├Áes" | "Interfer├¬ncias" | "Receita" | "Repasse"; ... 6 more ...; contrato_pai_id?: string | ... 1 more ... | undefined; }, any, { ...; }> | und...'.
      Type 'Resolver<{ numero: string; tipo: "Ambiental" | "Auditoria" | "Apoio Gerenciamento" | "Consultoria" | "Desapropria├º├Áes" | "Execu├º├úo de Obras" | "Execu├º├úo de Projeto" | "Inspe├º├Áes" | "Interfer├¬ncias" | "Receita" | "Repasse"; ... 6 more ...; contrato_pai_id?: string | ... 1 more ... | undefined; }, any, TFieldValues>' is not assignable to type 'Resolver<{ numero: string; tipo: "Ambiental" | "Auditoria" | "Apoio Gerenciamento" | "Consultoria" | "Desapropria├º├Áes" | "Execu├º├úo de Obras" | "Execu├º├úo de Projeto" | "Inspe├º├Áes" | "Interfer├¬ncias" | "Receita" | "Repasse"; ... 6 more ...; contrato_pai_id?: string | ... 1 more ... | undefined; }, any, { ...; }>'.
        Type 'ResolverResult<{ numero: string; tipo: "Ambiental" | "Auditoria" | "Apoio Gerenciamento" | "Consultoria" | "Desapropria├º├Áes" | "Execu├º├úo de Obras" | "Execu├º├úo de Projeto" | "Inspe├º├Áes" | "Interfer├¬ncias" | "Receita" | "Repasse"; ... 6 more ...; contrato_pai_id?: string | ... 1 more ... | undefined; }, TFieldValues> ...' is not assignable to type 'ResolverResult<{ numero: string; tipo: "Ambiental" | "Auditoria" | "Apoio Gerenciamento" | "Consultoria" | "Desapropria├º├Áes" | "Execu├º├úo de Obras" | "Execu├º├úo de Projeto" | "Inspe├º├Áes" | "Interfer├¬ncias" | "Receita" | "Repasse"; ... 6 more ...; contrato_pai_id?: string | ... 1 more ... | undefined; }, { ...; }> | Pr...'.
          Type 'ResolverSuccess<TFieldValues>' is not assignable to type 'ResolverResult<{ numero: string; tipo: "Ambiental" | "Auditoria" | "Apoio Gerenciamento" | "Consultoria" | "Desapropria├º├Áes" | "Execu├º├úo de Obras" | "Execu├º├úo de Projeto" | "Inspe├º├Áes" | "Interfer├¬ncias" | "Receita" | "Repasse"; ... 6 more ...; contrato_pai_id?: string | ... 1 more ... | undefined; }, { ...; }> | Pr...'.
            Type 'ResolverSuccess<TFieldValues>' is not assignable to type 'ResolverSuccess<{ numero: string; tipo: "Ambiental" | "Auditoria" | "Apoio Gerenciamento" | "Consultoria" | "Desapropria├º├Áes" | "Execu├º├úo de Obras" | "Execu├º├úo de Projeto" | "Inspe├º├Áes" | "Interfer├¬ncias" | "Receita" | "Repasse"; ... 6 more ...; contrato_pai_id?: string | ... 1 more ... | undefined; }>'.
              Type 'TFieldValues' is not assignable to type '{ numero: string; tipo: "Ambiental" | "Auditoria" | "Apoio Gerenciamento" | "Consultoria" | "Desapropria├º├Áes" | "Execu├º├úo de Obras" | "Execu├º├úo de Projeto" | "Inspe├º├Áes" | "Interfer├¬ncias" | "Receita" | "Repasse"; ... 6 more ...; contrato_pai_id?: string | ... 1 more ... | undefined; }'.
                Type 'FieldValues' is missing the following properties from type '{ numero: string; tipo: "Ambiental" | "Auditoria" | "Apoio Gerenciamento" | "Consultoria" | "Desapropria├º├Áes" | "Execu├º├úo de Obras" | "Execu├º├úo de Projeto" | "Inspe├º├Áes" | "Interfer├¬ncias" | "Receita" | "Repasse"; ... 6 more ...; contrato_pai_id?: string | ... 1 more ... | undefined; }': numero, tipo, contratada, valor_total
src/app/(dashboard)/contratos/_components/contrato-dialog.tsx(271,33): error TS2322: Type 'Control<{ numero: string; tipo: "Ambiental" | "Auditoria" | "Apoio Gerenciamento" | "Consultoria" | "Desapropria├º├Áes" | "Execu├º├úo de Obras" | "Execu├º├úo de Projeto" | "Inspe├º├Áes" | "Interfer├¬ncias" | "Receita" | "Repasse"; ... 6 more ...; contrato_pai_id?: string | ... 1 more ... | undefined; }, any, TFieldValues>' is not assignable to type 'Control<{ numero: string; tipo: "Ambiental" | "Auditoria" | "Apoio Gerenciamento" | "Consultoria" | "Desapropria├º├Áes" | "Execu├º├úo de Obras" | "Execu├º├úo de Projeto" | "Inspe├º├Áes" | "Interfer├¬ncias" | "Receita" | "Repasse"; ... 6 more ...; contrato_pai_id?: string | ... 1 more ... | undefined; }, any, { ...; }>'.
  The types of '_options.resolver' are incompatible between these types.
    Type 'Resolver<{ numero: string; tipo: "Ambiental" | "Auditoria" | "Apoio Gerenciamento" | "Consultoria" | "Desapropria├º├Áes" | "Execu├º├úo de Obras" | "Execu├º├úo de Projeto" | "Inspe├º├Áes" | "Interfer├¬ncias" | "Receita" | "Repasse"; ... 6 more ...; contrato_pai_id?: string | ... 1 more ... | undefined; }, any, TFieldValues> |...' is not assignable to type 'Resolver<{ numero: string; tipo: "Ambiental" | "Auditoria" | "Apoio Gerenciamento" | "Consultoria" | "Desapropria├º├Áes" | "Execu├º├úo de Obras" | "Execu├º├úo de Projeto" | "Inspe├º├Áes" | "Interfer├¬ncias" | "Receita" | "Repasse"; ... 6 more ...; contrato_pai_id?: string | ... 1 more ... | undefined; }, any, { ...; }> | und...'.
      Type 'Resolver<{ numero: string; tipo: "Ambiental" | "Auditoria" | "Apoio Gerenciamento" | "Consultoria" | "Desapropria├º├Áes" | "Execu├º├úo de Obras" | "Execu├º├úo de Projeto" | "Inspe├º├Áes" | "Interfer├¬ncias" | "Receita" | "Repasse"; ... 6 more ...; contrato_pai_id?: string | ... 1 more ... | undefined; }, any, TFieldValues>' is not assignable to type 'Resolver<{ numero: string; tipo: "Ambiental" | "Auditoria" | "Apoio Gerenciamento" | "Consultoria" | "Desapropria├º├Áes" | "Execu├º├úo de Obras" | "Execu├º├úo de Projeto" | "Inspe├º├Áes" | "Interfer├¬ncias" | "Receita" | "Repasse"; ... 6 more ...; contrato_pai_id?: string | ... 1 more ... | undefined; }, any, { ...; }>'.
        Type 'ResolverResult<{ numero: string; tipo: "Ambiental" | "Auditoria" | "Apoio Gerenciamento" | "Consultoria" | "Desapropria├º├Áes" | "Execu├º├úo de Obras" | "Execu├º├úo de Projeto" | "Inspe├º├Áes" | "Interfer├¬ncias" | "Receita" | "Repasse"; ... 6 more ...; contrato_pai_id?: string | ... 1 more ... | undefined; }, TFieldValues> ...' is not assignable to type 'ResolverResult<{ numero: string; tipo: "Ambiental" | "Auditoria" | "Apoio Gerenciamento" | "Consultoria" | "Desapropria├º├Áes" | "Execu├º├úo de Obras" | "Execu├º├úo de Projeto" | "Inspe├º├Áes" | "Interfer├¬ncias" | "Receita" | "Repasse"; ... 6 more ...; contrato_pai_id?: string | ... 1 more ... | undefined; }, { ...; }> | Pr...'.
          Type 'ResolverSuccess<TFieldValues>' is not assignable to type 'ResolverResult<{ numero: string; tipo: "Ambiental" | "Auditoria" | "Apoio Gerenciamento" | "Consultoria" | "Desapropria├º├Áes" | "Execu├º├úo de Obras" | "Execu├º├úo de Projeto" | "Inspe├º├Áes" | "Interfer├¬ncias" | "Receita" | "Repasse"; ... 6 more ...; contrato_pai_id?: string | ... 1 more ... | undefined; }, { ...; }> | Pr...'.
            Type 'ResolverSuccess<TFieldValues>' is not assignable to type 'ResolverSuccess<{ numero: string; tipo: "Ambiental" | "Auditoria" | "Apoio Gerenciamento" | "Consultoria" | "Desapropria├º├Áes" | "Execu├º├úo de Obras" | "Execu├º├úo de Projeto" | "Inspe├º├Áes" | "Interfer├¬ncias" | "Receita" | "Repasse"; ... 6 more ...; contrato_pai_id?: string | ... 1 more ... | undefined; }>'.
              Type 'TFieldValues' is not assignable to type '{ numero: string; tipo: "Ambiental" | "Auditoria" | "Apoio Gerenciamento" | "Consultoria" | "Desapropria├º├Áes" | "Execu├º├úo de Obras" | "Execu├º├úo de Projeto" | "Inspe├º├Áes" | "Interfer├¬ncias" | "Receita" | "Repasse"; ... 6 more ...; contrato_pai_id?: string | ... 1 more ... | undefined; }'.
                Type 'FieldValues' is missing the following properties from type '{ numero: string; tipo: "Ambiental" | "Auditoria" | "Apoio Gerenciamento" | "Consultoria" | "Desapropria├º├Áes" | "Execu├º├úo de Obras" | "Execu├º├úo de Projeto" | "Inspe├º├Áes" | "Interfer├¬ncias" | "Receita" | "Repasse"; ... 6 more ...; contrato_pai_id?: string | ... 1 more ... | undefined; }': numero, tipo, contratada, valor_total
src/app/(dashboard)/contratos/_components/contrato-dialog.tsx(315,29): error TS2322: Type 'Control<{ numero: string; tipo: "Ambiental" | "Auditoria" | "Apoio Gerenciamento" | "Consultoria" | "Desapropria├º├Áes" | "Execu├º├úo de Obras" | "Execu├º├úo de Projeto" | "Inspe├º├Áes" | "Interfer├¬ncias" | "Receita" | "Repasse"; ... 6 more ...; contrato_pai_id?: string | ... 1 more ... | undefined; }, any, TFieldValues>' is not assignable to type 'Control<{ numero: string; tipo: "Ambiental" | "Auditoria" | "Apoio Gerenciamento" | "Consultoria" | "Desapropria├º├Áes" | "Execu├º├úo de Obras" | "Execu├º├úo de Projeto" | "Inspe├º├Áes" | "Interfer├¬ncias" | "Receita" | "Repasse"; ... 6 more ...; contrato_pai_id?: string | ... 1 more ... | undefined; }, any, { ...; }>'.
  The types of '_options.resolver' are incompatible between these types.
    Type 'Resolver<{ numero: string; tipo: "Ambiental" | "Auditoria" | "Apoio Gerenciamento" | "Consultoria" | "Desapropria├º├Áes" | "Execu├º├úo de Obras" | "Execu├º├úo de Projeto" | "Inspe├º├Áes" | "Interfer├¬ncias" | "Receita" | "Repasse"; ... 6 more ...; contrato_pai_id?: string | ... 1 more ... | undefined; }, any, TFieldValues> |...' is not assignable to type 'Resolver<{ numero: string; tipo: "Ambiental" | "Auditoria" | "Apoio Gerenciamento" | "Consultoria" | "Desapropria├º├Áes" | "Execu├º├úo de Obras" | "Execu├º├úo de Projeto" | "Inspe├º├Áes" | "Interfer├¬ncias" | "Receita" | "Repasse"; ... 6 more ...; contrato_pai_id?: string | ... 1 more ... | undefined; }, any, { ...; }> | und...'.
      Type 'Resolver<{ numero: string; tipo: "Ambiental" | "Auditoria" | "Apoio Gerenciamento" | "Consultoria" | "Desapropria├º├Áes" | "Execu├º├úo de Obras" | "Execu├º├úo de Projeto" | "Inspe├º├Áes" | "Interfer├¬ncias" | "Receita" | "Repasse"; ... 6 more ...; contrato_pai_id?: string | ... 1 more ... | undefined; }, any, TFieldValues>' is not assignable to type 'Resolver<{ numero: string; tipo: "Ambiental" | "Auditoria" | "Apoio Gerenciamento" | "Consultoria" | "Desapropria├º├Áes" | "Execu├º├úo de Obras" | "Execu├º├úo de Projeto" | "Inspe├º├Áes" | "Interfer├¬ncias" | "Receita" | "Repasse"; ... 6 more ...; contrato_pai_id?: string | ... 1 more ... | undefined; }, any, { ...; }>'.
        Type 'ResolverResult<{ numero: string; tipo: "Ambiental" | "Auditoria" | "Apoio Gerenciamento" | "Consultoria" | "Desapropria├º├Áes" | "Execu├º├úo de Obras" | "Execu├º├úo de Projeto" | "Inspe├º├Áes" | "Interfer├¬ncias" | "Receita" | "Repasse"; ... 6 more ...; contrato_pai_id?: string | ... 1 more ... | undefined; }, TFieldValues> ...' is not assignable to type 'ResolverResult<{ numero: string; tipo: "Ambiental" | "Auditoria" | "Apoio Gerenciamento" | "Consultoria" | "Desapropria├º├Áes" | "Execu├º├úo de Obras" | "Execu├º├úo de Projeto" | "Inspe├º├Áes" | "Interfer├¬ncias" | "Receita" | "Repasse"; ... 6 more ...; contrato_pai_id?: string | ... 1 more ... | undefined; }, { ...; }> | Pr...'.
          Type 'ResolverSuccess<TFieldValues>' is not assignable to type 'ResolverResult<{ numero: string; tipo: "Ambiental" | "Auditoria" | "Apoio Gerenciamento" | "Consultoria" | "Desapropria├º├Áes" | "Execu├º├úo de Obras" | "Execu├º├úo de Projeto" | "Inspe├º├Áes" | "Interfer├¬ncias" | "Receita" | "Repasse"; ... 6 more ...; contrato_pai_id?: string | ... 1 more ... | undefined; }, { ...; }> | Pr...'.
            Type 'ResolverSuccess<TFieldValues>' is not assignable to type 'ResolverSuccess<{ numero: string; tipo: "Ambiental" | "Auditoria" | "Apoio Gerenciamento" | "Consultoria" | "Desapropria├º├Áes" | "Execu├º├úo de Obras" | "Execu├º├úo de Projeto" | "Inspe├º├Áes" | "Interfer├¬ncias" | "Receita" | "Repasse"; ... 6 more ...; contrato_pai_id?: string | ... 1 more ... | undefined; }>'.
              Type 'TFieldValues' is not assignable to type '{ numero: string; tipo: "Ambiental" | "Auditoria" | "Apoio Gerenciamento" | "Consultoria" | "Desapropria├º├Áes" | "Execu├º├úo de Obras" | "Execu├º├úo de Projeto" | "Inspe├º├Áes" | "Interfer├¬ncias" | "Receita" | "Repasse"; ... 6 more ...; contrato_pai_id?: string | ... 1 more ... | undefined; }'.
                Type 'FieldValues' is missing the following properties from type '{ numero: string; tipo: "Ambiental" | "Auditoria" | "Apoio Gerenciamento" | "Consultoria" | "Desapropria├º├Áes" | "Execu├º├úo de Obras" | "Execu├º├úo de Projeto" | "Inspe├º├Áes" | "Interfer├¬ncias" | "Receita" | "Repasse"; ... 6 more ...; contrato_pai_id?: string | ... 1 more ... | undefined; }': numero, tipo, contratada, valor_total
src/app/(dashboard)/contratos/_components/contrato-dialog.tsx(342,29): error TS2322: Type 'Control<{ numero: string; tipo: "Ambiental" | "Auditoria" | "Apoio Gerenciamento" | "Consultoria" | "Desapropria├º├Áes" | "Execu├º├úo de Obras" | "Execu├º├úo de Projeto" | "Inspe├º├Áes" | "Interfer├¬ncias" | "Receita" | "Repasse"; ... 6 more ...; contrato_pai_id?: string | ... 1 more ... | undefined; }, any, TFieldValues>' is not assignable to type 'Control<{ numero: string; tipo: "Ambiental" | "Auditoria" | "Apoio Gerenciamento" | "Consultoria" | "Desapropria├º├Áes" | "Execu├º├úo de Obras" | "Execu├º├úo de Projeto" | "Inspe├º├Áes" | "Interfer├¬ncias" | "Receita" | "Repasse"; ... 6 more ...; contrato_pai_id?: string | ... 1 more ... | undefined; }, any, { ...; }>'.
  The types of '_options.resolver' are incompatible between these types.
    Type 'Resolver<{ numero: string; tipo: "Ambiental" | "Auditoria" | "Apoio Gerenciamento" | "Consultoria" | "Desapropria├º├Áes" | "Execu├º├úo de Obras" | "Execu├º├úo de Projeto" | "Inspe├º├Áes" | "Interfer├¬ncias" | "Receita" | "Repasse"; ... 6 more ...; contrato_pai_id?: string | ... 1 more ... | undefined; }, any, TFieldValues> |...' is not assignable to type 'Resolver<{ numero: string; tipo: "Ambiental" | "Auditoria" | "Apoio Gerenciamento" | "Consultoria" | "Desapropria├º├Áes" | "Execu├º├úo de Obras" | "Execu├º├úo de Projeto" | "Inspe├º├Áes" | "Interfer├¬ncias" | "Receita" | "Repasse"; ... 6 more ...; contrato_pai_id?: string | ... 1 more ... | undefined; }, any, { ...; }> | und...'.
      Type 'Resolver<{ numero: string; tipo: "Ambiental" | "Auditoria" | "Apoio Gerenciamento" | "Consultoria" | "Desapropria├º├Áes" | "Execu├º├úo de Obras" | "Execu├º├úo de Projeto" | "Inspe├º├Áes" | "Interfer├¬ncias" | "Receita" | "Repasse"; ... 6 more ...; contrato_pai_id?: string | ... 1 more ... | undefined; }, any, TFieldValues>' is not assignable to type 'Resolver<{ numero: string; tipo: "Ambiental" | "Auditoria" | "Apoio Gerenciamento" | "Consultoria" | "Desapropria├º├Áes" | "Execu├º├úo de Obras" | "Execu├º├úo de Projeto" | "Inspe├º├Áes" | "Interfer├¬ncias" | "Receita" | "Repasse"; ... 6 more ...; contrato_pai_id?: string | ... 1 more ... | undefined; }, any, { ...; }>'.
        Type 'ResolverResult<{ numero: string; tipo: "Ambiental" | "Auditoria" | "Apoio Gerenciamento" | "Consultoria" | "Desapropria├º├Áes" | "Execu├º├úo de Obras" | "Execu├º├úo de Projeto" | "Inspe├º├Áes" | "Interfer├¬ncias" | "Receita" | "Repasse"; ... 6 more ...; contrato_pai_id?: string | ... 1 more ... | undefined; }, TFieldValues> ...' is not assignable to type 'ResolverResult<{ numero: string; tipo: "Ambiental" | "Auditoria" | "Apoio Gerenciamento" | "Consultoria" | "Desapropria├º├Áes" | "Execu├º├úo de Obras" | "Execu├º├úo de Projeto" | "Inspe├º├Áes" | "Interfer├¬ncias" | "Receita" | "Repasse"; ... 6 more ...; contrato_pai_id?: string | ... 1 more ... | undefined; }, { ...; }> | Pr...'.
          Type 'ResolverSuccess<TFieldValues>' is not assignable to type 'ResolverResult<{ numero: string; tipo: "Ambiental" | "Auditoria" | "Apoio Gerenciamento" | "Consultoria" | "Desapropria├º├Áes" | "Execu├º├úo de Obras" | "Execu├º├úo de Projeto" | "Inspe├º├Áes" | "Interfer├¬ncias" | "Receita" | "Repasse"; ... 6 more ...; contrato_pai_id?: string | ... 1 more ... | undefined; }, { ...; }> | Pr...'.
            Type 'ResolverSuccess<TFieldValues>' is not assignable to type 'ResolverSuccess<{ numero: string; tipo: "Ambiental" | "Auditoria" | "Apoio Gerenciamento" | "Consultoria" | "Desapropria├º├Áes" | "Execu├º├úo de Obras" | "Execu├º├úo de Projeto" | "Inspe├º├Áes" | "Interfer├¬ncias" | "Receita" | "Repasse"; ... 6 more ...; contrato_pai_id?: string | ... 1 more ... | undefined; }>'.
              Type 'TFieldValues' is not assignable to type '{ numero: string; tipo: "Ambiental" | "Auditoria" | "Apoio Gerenciamento" | "Consultoria" | "Desapropria├º├Áes" | "Execu├º├úo de Obras" | "Execu├º├úo de Projeto" | "Inspe├º├Áes" | "Interfer├¬ncias" | "Receita" | "Repasse"; ... 6 more ...; contrato_pai_id?: string | ... 1 more ... | undefined; }'.
                Type 'FieldValues' is missing the following properties from type '{ numero: string; tipo: "Ambiental" | "Auditoria" | "Apoio Gerenciamento" | "Consultoria" | "Desapropria├º├Áes" | "Execu├º├úo de Obras" | "Execu├º├úo de Projeto" | "Inspe├º├Áes" | "Interfer├¬ncias" | "Receita" | "Repasse"; ... 6 more ...; contrato_pai_id?: string | ... 1 more ... | undefined; }': numero, tipo, contratada, valor_total
src/components/relationships/bulk-service-dialog.tsx(43,13): error TS2769: No overload matches this call.
  Overload 1 of 2, '(values: readonly ["Ambiental", "Auditoria", "Apoio Gerenciamento", "Consultoria", "Desapropria├º├Áes", "Execu├º├úo de Obras", "Execu├º├úo de Projeto", "Inspe├º├Áes", "Interfer├¬ncias", "Receita", "Repasse"], params?: string | ... 1 more ... | undefined): ZodEnum<...>', gave the following error.
    Object literal may only specify known properties, and 'errorMap' does not exist in type '{ error?: string | $ZodErrorMap<$ZodIssueInvalidValue<unknown>> | undefined; message?: string | undefined; }'.
  Overload 2 of 2, '(entries: Readonly<Record<string, EnumValue>>, params?: string | { error?: string | $ZodErrorMap<$ZodIssueInvalidValue<unknown>> | undefined; message?: string | undefined; } | undefined): ZodEnum<...>', gave the following error.
    Argument of type 'readonly ["Ambiental", "Auditoria", "Apoio Gerenciamento", "Consultoria", "Desapropria├º├Áes", "Execu├º├úo de Obras", "Execu├º├úo de Projeto", "Inspe├º├Áes", "Interfer├¬ncias", "Receita", "Repasse"]' is not assignable to parameter of type 'Readonly<Record<string, EnumValue>>'.
      Index signature for type 'string' is missing in type 'readonly ["Ambiental", "Auditoria", "Apoio Gerenciamento", "Consultoria", "Desapropria├º├Áes", "Execu├º├úo de Obras", "Execu├º├úo de Projeto", "Inspe├º├Áes", "Interfer├¬ncias", "Receita", "Repasse"]'.
src/components/relationships/bulk-service-dialog.tsx(68,9): error TS2322: Type 'Resolver<{ empreendimentoIds: string[]; tipo: "Ambiental" | "Auditoria" | "Apoio Gerenciamento" | "Consultoria" | "Desapropria├º├Áes" | "Execu├º├úo de Obras" | "Execu├º├úo de Projeto" | "Inspe├º├Áes" | "Interfer├¬ncias" | "Receita" | "Repasse"; codigo?: string | undefined; descricao?: string | undefined; valor_total?: unknow...' is not assignable to type 'Resolver<{ empreendimentoIds: string[]; tipo: "Ambiental" | "Auditoria" | "Apoio Gerenciamento" | "Consultoria" | "Desapropria├º├Áes" | "Execu├º├úo de Obras" | "Execu├º├úo de Projeto" | "Inspe├º├Áes" | "Interfer├¬ncias" | "Receita" | "Repasse"; codigo?: string | undefined; descricao?: string | undefined; valor_total?: number...'.
  Types of parameters 'options' and 'options' are incompatible.
    Type 'import("C:/Users/x437719/Downloads/planejamento_spobras/node_modules/react-hook-form/dist/types/resolvers").ResolverOptions<{ empreendimentoIds: string[]; tipo: "Ambiental" | "Auditoria" | "Apoio Gerenciamento" | "Consultoria" | "Desapropria├º├Áes" | "Execu├º├úo de Obras" | "Execu├º├úo de Projeto" | "Inspe├º├Áes" | "Interfe...' is not assignable to type 'import("C:/Users/x437719/Downloads/planejamento_spobras/node_modules/react-hook-form/dist/types/resolvers").ResolverOptions<{ empreendimentoIds: string[]; tipo: "Ambiental" | "Auditoria" | "Apoio Gerenciamento" | "Consultoria" | "Desapropria├º├Áes" | "Execu├º├úo de Obras" | "Execu├º├úo de Projeto" | "Inspe├º├Áes" | "Interfe...'. Two different types with this name exist, but they are unrelated.
      Types of property 'names' are incompatible.
        Type 'string[] | undefined' is not assignable to type '("codigo" | "descricao" | "valor_total" | "tipo" | "empreendimentoIds")[] | undefined'.
          Type 'string[]' is not assignable to type '("codigo" | "descricao" | "valor_total" | "tipo" | "empreendimentoIds")[]'.
            Type 'string' is not assignable to type '"codigo" | "descricao" | "valor_total" | "tipo" | "empreendimentoIds"'.
src/components/relationships/bulk-service-dialog.tsx(107,55): error TS2345: Argument of type '(values: FormData) => Promise<void>' is not assignable to parameter of type 'SubmitHandler<TFieldValues>'.
  Types of parameters 'values' and 'data' are incompatible.
    Type 'TFieldValues' is not assignable to type '{ empreendimentoIds: string[]; tipo: "Ambiental" | "Auditoria" | "Apoio Gerenciamento" | "Consultoria" | "Desapropria├º├Áes" | "Execu├º├úo de Obras" | "Execu├º├úo de Projeto" | "Inspe├º├Áes" | "Interfer├¬ncias" | "Receita" | "Repasse"; codigo?: string | undefined; descricao?: string | undefined; valor_total?: number | undefi...'.
      Type 'FieldValues' is missing the following properties from type '{ empreendimentoIds: string[]; tipo: "Ambiental" | "Auditoria" | "Apoio Gerenciamento" | "Consultoria" | "Desapropria├º├Áes" | "Execu├º├úo de Obras" | "Execu├º├úo de Projeto" | "Inspe├º├Áes" | "Interfer├¬ncias" | "Receita" | "Repasse"; codigo?: string | undefined; descricao?: string | undefined; valor_total?: number | undefi...': empreendimentoIds, tipo
src/components/relationships/bulk-service-dialog.tsx(109,29): error TS2719: Type 'import("C:/Users/x437719/Downloads/planejamento_spobras/node_modules/react-hook-form/dist/types/form").Control<{ empreendimentoIds: string[]; tipo: "Ambiental" | "Auditoria" | "Apoio Gerenciamento" | "Consultoria" | "Desapropria├º├Áes" | "Execu├º├úo de Obras" | "Execu├º├úo de Projeto" | "Inspe├º├Áes" | "Interfer├¬ncias" | "R...' is not assignable to type 'import("C:/Users/x437719/Downloads/planejamento_spobras/node_modules/react-hook-form/dist/types/form").Control<{ empreendimentoIds: string[]; tipo: "Ambiental" | "Auditoria" | "Apoio Gerenciamento" | "Consultoria" | "Desapropria├º├Áes" | "Execu├º├úo de Obras" | "Execu├º├úo de Projeto" | "Inspe├º├Áes" | "Interfer├¬ncias" | "R...'. Two different types with this name exist, but they are unrelated.
  The types of '_options.resolver' are incompatible between these types.
    Type 'import("C:/Users/x437719/Downloads/planejamento_spobras/node_modules/react-hook-form/dist/types/resolvers").Resolver<{ empreendimentoIds: string[]; tipo: "Ambiental" | "Auditoria" | "Apoio Gerenciamento" | "Consultoria" | "Desapropria├º├Áes" | "Execu├º├úo de Obras" | "Execu├º├úo de Projeto" | "Inspe├º├Áes" | "Interfer├¬ncias...' is not assignable to type 'import("C:/Users/x437719/Downloads/planejamento_spobras/node_modules/react-hook-form/dist/types/resolvers").Resolver<{ empreendimentoIds: string[]; tipo: "Ambiental" | "Auditoria" | "Apoio Gerenciamento" | "Consultoria" | "Desapropria├º├Áes" | "Execu├º├úo de Obras" | "Execu├º├úo de Projeto" | "Inspe├º├Áes" | "Interfer├¬ncias...'. Two different types with this name exist, but they are unrelated.
      Type 'import("C:/Users/x437719/Downloads/planejamento_spobras/node_modules/react-hook-form/dist/types/resolvers").Resolver<{ empreendimentoIds: string[]; tipo: "Ambiental" | "Auditoria" | "Apoio Gerenciamento" | "Consultoria" | "Desapropria├º├Áes" | "Execu├º├úo de Obras" | "Execu├º├úo de Projeto" | "Inspe├º├Áes" | "Interfer├¬ncias...' is not assignable to type 'import("C:/Users/x437719/Downloads/planejamento_spobras/node_modules/react-hook-form/dist/types/resolvers").Resolver<{ empreendimentoIds: string[]; tipo: "Ambiental" | "Auditoria" | "Apoio Gerenciamento" | "Consultoria" | "Desapropria├º├Áes" | "Execu├º├úo de Obras" | "Execu├º├úo de Projeto" | "Inspe├º├Áes" | "Interfer├¬ncias...'. Two different types with this name exist, but they are unrelated.
        Type 'import("C:/Users/x437719/Downloads/planejamento_spobras/node_modules/react-hook-form/dist/types/resolvers").ResolverResult<{ empreendimentoIds: string[]; tipo: "Ambiental" | "Auditoria" | "Apoio Gerenciamento" | "Consultoria" | "Desapropria├º├Áes" | "Execu├º├úo de Obras" | "Execu├º├úo de Projeto" | "Inspe├º├Áes" | "Interfer...' is not assignable to type 'import("C:/Users/x437719/Downloads/planejamento_spobras/node_modules/react-hook-form/dist/types/resolvers").ResolverResult<{ empreendimentoIds: string[]; tipo: "Ambiental" | "Auditoria" | "Apoio Gerenciamento" | "Consultoria" | "Desapropria├º├Áes" | "Execu├º├úo de Obras" | "Execu├º├úo de Projeto" | "Inspe├º├Áes" | "Interfer...'. Two different types with this name exist, but they are unrelated.
          Type 'ResolverSuccess<TFieldValues>' is not assignable to type 'ResolverResult<{ empreendimentoIds: string[]; tipo: "Ambiental" | "Auditoria" | "Apoio Gerenciamento" | "Consultoria" | "Desapropria├º├Áes" | "Execu├º├úo de Obras" | "Execu├º├úo de Projeto" | "Inspe├º├Áes" | "Interfer├¬ncias" | "Receita" | "Repasse"; codigo?: string | undefined; descricao?: string | undefined; valor_total?: ...'.
            Type 'ResolverSuccess<TFieldValues>' is not assignable to type 'ResolverSuccess<{ empreendimentoIds: string[]; tipo: "Ambiental" | "Auditoria" | "Apoio Gerenciamento" | "Consultoria" | "Desapropria├º├Áes" | "Execu├º├úo de Obras" | "Execu├º├úo de Projeto" | "Inspe├º├Áes" | "Interfer├¬ncias" | "Receita" | "Repasse"; codigo?: string | undefined; descricao?: string | undefined; valor_total?:...'.
              Type 'TFieldValues' is not assignable to type '{ empreendimentoIds: string[]; tipo: "Ambiental" | "Auditoria" | "Apoio Gerenciamento" | "Consultoria" | "Desapropria├º├Áes" | "Execu├º├úo de Obras" | "Execu├º├úo de Projeto" | "Inspe├º├Áes" | "Interfer├¬ncias" | "Receita" | "Repasse"; codigo?: string | undefined; descricao?: string | undefined; valor_total?: number | undefi...'.
                Type 'FieldValues' is missing the following properties from type '{ empreendimentoIds: string[]; tipo: "Ambiental" | "Auditoria" | "Apoio Gerenciamento" | "Consultoria" | "Desapropria├º├Áes" | "Execu├º├úo de Obras" | "Execu├º├úo de Projeto" | "Inspe├º├Áes" | "Interfer├¬ncias" | "Receita" | "Repasse"; codigo?: string | undefined; descricao?: string | undefined; valor_total?: number | undefi...': empreendimentoIds, tipo
src/components/relationships/bulk-service-dialog.tsx(114,38): error TS2304: Cannot find name 'MultiCombobox'.
src/components/relationships/bulk-service-dialog.tsx(128,33): error TS2719: Type 'import("C:/Users/x437719/Downloads/planejamento_spobras/node_modules/react-hook-form/dist/types/form").Control<{ empreendimentoIds: string[]; tipo: "Ambiental" | "Auditoria" | "Apoio Gerenciamento" | "Consultoria" | "Desapropria├º├Áes" | "Execu├º├úo de Obras" | "Execu├º├úo de Projeto" | "Inspe├º├Áes" | "Interfer├¬ncias" | "R...' is not assignable to type 'import("C:/Users/x437719/Downloads/planejamento_spobras/node_modules/react-hook-form/dist/types/form").Control<{ empreendimentoIds: string[]; tipo: "Ambiental" | "Auditoria" | "Apoio Gerenciamento" | "Consultoria" | "Desapropria├º├Áes" | "Execu├º├úo de Obras" | "Execu├º├úo de Projeto" | "Inspe├º├Áes" | "Interfer├¬ncias" | "R...'. Two different types with this name exist, but they are unrelated.
  The types of '_options.resolver' are incompatible between these types.
    Type 'import("C:/Users/x437719/Downloads/planejamento_spobras/node_modules/react-hook-form/dist/types/resolvers").Resolver<{ empreendimentoIds: string[]; tipo: "Ambiental" | "Auditoria" | "Apoio Gerenciamento" | "Consultoria" | "Desapropria├º├Áes" | "Execu├º├úo de Obras" | "Execu├º├úo de Projeto" | "Inspe├º├Áes" | "Interfer├¬ncias...' is not assignable to type 'import("C:/Users/x437719/Downloads/planejamento_spobras/node_modules/react-hook-form/dist/types/resolvers").Resolver<{ empreendimentoIds: string[]; tipo: "Ambiental" | "Auditoria" | "Apoio Gerenciamento" | "Consultoria" | "Desapropria├º├Áes" | "Execu├º├úo de Obras" | "Execu├º├úo de Projeto" | "Inspe├º├Áes" | "Interfer├¬ncias...'. Two different types with this name exist, but they are unrelated.
      Type 'import("C:/Users/x437719/Downloads/planejamento_spobras/node_modules/react-hook-form/dist/types/resolvers").Resolver<{ empreendimentoIds: string[]; tipo: "Ambiental" | "Auditoria" | "Apoio Gerenciamento" | "Consultoria" | "Desapropria├º├Áes" | "Execu├º├úo de Obras" | "Execu├º├úo de Projeto" | "Inspe├º├Áes" | "Interfer├¬ncias...' is not assignable to type 'import("C:/Users/x437719/Downloads/planejamento_spobras/node_modules/react-hook-form/dist/types/resolvers").Resolver<{ empreendimentoIds: string[]; tipo: "Ambiental" | "Auditoria" | "Apoio Gerenciamento" | "Consultoria" | "Desapropria├º├Áes" | "Execu├º├úo de Obras" | "Execu├º├úo de Projeto" | "Inspe├º├Áes" | "Interfer├¬ncias...'. Two different types with this name exist, but they are unrelated.
        Type 'import("C:/Users/x437719/Downloads/planejamento_spobras/node_modules/react-hook-form/dist/types/resolvers").ResolverResult<{ empreendimentoIds: string[]; tipo: "Ambiental" | "Auditoria" | "Apoio Gerenciamento" | "Consultoria" | "Desapropria├º├Áes" | "Execu├º├úo de Obras" | "Execu├º├úo de Projeto" | "Inspe├º├Áes" | "Interfer...' is not assignable to type 'import("C:/Users/x437719/Downloads/planejamento_spobras/node_modules/react-hook-form/dist/types/resolvers").ResolverResult<{ empreendimentoIds: string[]; tipo: "Ambiental" | "Auditoria" | "Apoio Gerenciamento" | "Consultoria" | "Desapropria├º├Áes" | "Execu├º├úo de Obras" | "Execu├º├úo de Projeto" | "Inspe├º├Áes" | "Interfer...'. Two different types with this name exist, but they are unrelated.
          Type 'ResolverSuccess<TFieldValues>' is not assignable to type 'ResolverResult<{ empreendimentoIds: string[]; tipo: "Ambiental" | "Auditoria" | "Apoio Gerenciamento" | "Consultoria" | "Desapropria├º├Áes" | "Execu├º├úo de Obras" | "Execu├º├úo de Projeto" | "Inspe├º├Áes" | "Interfer├¬ncias" | "Receita" | "Repasse"; codigo?: string | undefined; descricao?: string | undefined; valor_total?: ...'.
            Type 'ResolverSuccess<TFieldValues>' is not assignable to type 'ResolverSuccess<{ empreendimentoIds: string[]; tipo: "Ambiental" | "Auditoria" | "Apoio Gerenciamento" | "Consultoria" | "Desapropria├º├Áes" | "Execu├º├úo de Obras" | "Execu├º├úo de Projeto" | "Inspe├º├Áes" | "Interfer├¬ncias" | "Receita" | "Repasse"; codigo?: string | undefined; descricao?: string | undefined; valor_total?:...'.
              Type 'TFieldValues' is not assignable to type '{ empreendimentoIds: string[]; tipo: "Ambiental" | "Auditoria" | "Apoio Gerenciamento" | "Consultoria" | "Desapropria├º├Áes" | "Execu├º├úo de Obras" | "Execu├º├úo de Projeto" | "Inspe├º├Áes" | "Interfer├¬ncias" | "Receita" | "Repasse"; codigo?: string | undefined; descricao?: string | undefined; valor_total?: number | undefi...'.
                Type 'FieldValues' is missing the following properties from type '{ empreendimentoIds: string[]; tipo: "Ambiental" | "Auditoria" | "Apoio Gerenciamento" | "Consultoria" | "Desapropria├º├Áes" | "Execu├º├úo de Obras" | "Execu├º├úo de Projeto" | "Inspe├º├Áes" | "Interfer├¬ncias" | "Receita" | "Repasse"; codigo?: string | undefined; descricao?: string | undefined; valor_total?: number | undefi...': empreendimentoIds, tipo
src/components/relationships/bulk-service-dialog.tsx(150,33): error TS2719: Type 'import("C:/Users/x437719/Downloads/planejamento_spobras/node_modules/react-hook-form/dist/types/form").Control<{ empreendimentoIds: string[]; tipo: "Ambiental" | "Auditoria" | "Apoio Gerenciamento" | "Consultoria" | "Desapropria├º├Áes" | "Execu├º├úo de Obras" | "Execu├º├úo de Projeto" | "Inspe├º├Áes" | "Interfer├¬ncias" | "R...' is not assignable to type 'import("C:/Users/x437719/Downloads/planejamento_spobras/node_modules/react-hook-form/dist/types/form").Control<{ empreendimentoIds: string[]; tipo: "Ambiental" | "Auditoria" | "Apoio Gerenciamento" | "Consultoria" | "Desapropria├º├Áes" | "Execu├º├úo de Obras" | "Execu├º├úo de Projeto" | "Inspe├º├Áes" | "Interfer├¬ncias" | "R...'. Two different types with this name exist, but they are unrelated.
  The types of '_options.resolver' are incompatible between these types.
    Type 'import("C:/Users/x437719/Downloads/planejamento_spobras/node_modules/react-hook-form/dist/types/resolvers").Resolver<{ empreendimentoIds: string[]; tipo: "Ambiental" | "Auditoria" | "Apoio Gerenciamento" | "Consultoria" | "Desapropria├º├Áes" | "Execu├º├úo de Obras" | "Execu├º├úo de Projeto" | "Inspe├º├Áes" | "Interfer├¬ncias...' is not assignable to type 'import("C:/Users/x437719/Downloads/planejamento_spobras/node_modules/react-hook-form/dist/types/resolvers").Resolver<{ empreendimentoIds: string[]; tipo: "Ambiental" | "Auditoria" | "Apoio Gerenciamento" | "Consultoria" | "Desapropria├º├Áes" | "Execu├º├úo de Obras" | "Execu├º├úo de Projeto" | "Inspe├º├Áes" | "Interfer├¬ncias...'. Two different types with this name exist, but they are unrelated.
      Type 'import("C:/Users/x437719/Downloads/planejamento_spobras/node_modules/react-hook-form/dist/types/resolvers").Resolver<{ empreendimentoIds: string[]; tipo: "Ambiental" | "Auditoria" | "Apoio Gerenciamento" | "Consultoria" | "Desapropria├º├Áes" | "Execu├º├úo de Obras" | "Execu├º├úo de Projeto" | "Inspe├º├Áes" | "Interfer├¬ncias...' is not assignable to type 'import("C:/Users/x437719/Downloads/planejamento_spobras/node_modules/react-hook-form/dist/types/resolvers").Resolver<{ empreendimentoIds: string[]; tipo: "Ambiental" | "Auditoria" | "Apoio Gerenciamento" | "Consultoria" | "Desapropria├º├Áes" | "Execu├º├úo de Obras" | "Execu├º├úo de Projeto" | "Inspe├º├Áes" | "Interfer├¬ncias...'. Two different types with this name exist, but they are unrelated.
        Type 'import("C:/Users/x437719/Downloads/planejamento_spobras/node_modules/react-hook-form/dist/types/resolvers").ResolverResult<{ empreendimentoIds: string[]; tipo: "Ambiental" | "Auditoria" | "Apoio Gerenciamento" | "Consultoria" | "Desapropria├º├Áes" | "Execu├º├úo de Obras" | "Execu├º├úo de Projeto" | "Inspe├º├Áes" | "Interfer...' is not assignable to type 'import("C:/Users/x437719/Downloads/planejamento_spobras/node_modules/react-hook-form/dist/types/resolvers").ResolverResult<{ empreendimentoIds: string[]; tipo: "Ambiental" | "Auditoria" | "Apoio Gerenciamento" | "Consultoria" | "Desapropria├º├Áes" | "Execu├º├úo de Obras" | "Execu├º├úo de Projeto" | "Inspe├º├Áes" | "Interfer...'. Two different types with this name exist, but they are unrelated.
          Type 'ResolverSuccess<TFieldValues>' is not assignable to type 'ResolverResult<{ empreendimentoIds: string[]; tipo: "Ambiental" | "Auditoria" | "Apoio Gerenciamento" | "Consultoria" | "Desapropria├º├Áes" | "Execu├º├úo de Obras" | "Execu├º├úo de Projeto" | "Inspe├º├Áes" | "Interfer├¬ncias" | "Receita" | "Repasse"; codigo?: string | undefined; descricao?: string | undefined; valor_total?: ...'.
            Type 'ResolverSuccess<TFieldValues>' is not assignable to type 'ResolverSuccess<{ empreendimentoIds: string[]; tipo: "Ambiental" | "Auditoria" | "Apoio Gerenciamento" | "Consultoria" | "Desapropria├º├Áes" | "Execu├º├úo de Obras" | "Execu├º├úo de Projeto" | "Inspe├º├Áes" | "Interfer├¬ncias" | "Receita" | "Repasse"; codigo?: string | undefined; descricao?: string | undefined; valor_total?:...'.
              Type 'TFieldValues' is not assignable to type '{ empreendimentoIds: string[]; tipo: "Ambiental" | "Auditoria" | "Apoio Gerenciamento" | "Consultoria" | "Desapropria├º├Áes" | "Execu├º├úo de Obras" | "Execu├º├úo de Projeto" | "Inspe├º├Áes" | "Interfer├¬ncias" | "Receita" | "Repasse"; codigo?: string | undefined; descricao?: string | undefined; valor_total?: number | undefi...'.
                Type 'FieldValues' is missing the following properties from type '{ empreendimentoIds: string[]; tipo: "Ambiental" | "Auditoria" | "Apoio Gerenciamento" | "Consultoria" | "Desapropria├º├Áes" | "Execu├º├úo de Obras" | "Execu├º├úo de Projeto" | "Inspe├º├Áes" | "Interfer├¬ncias" | "Receita" | "Repasse"; codigo?: string | undefined; descricao?: string | undefined; valor_total?: number | undefi...': empreendimentoIds, tipo
src/components/relationships/bulk-service-dialog.tsx(165,29): error TS2719: Type 'import("C:/Users/x437719/Downloads/planejamento_spobras/node_modules/react-hook-form/dist/types/form").Control<{ empreendimentoIds: string[]; tipo: "Ambiental" | "Auditoria" | "Apoio Gerenciamento" | "Consultoria" | "Desapropria├º├Áes" | "Execu├º├úo de Obras" | "Execu├º├úo de Projeto" | "Inspe├º├Áes" | "Interfer├¬ncias" | "R...' is not assignable to type 'import("C:/Users/x437719/Downloads/planejamento_spobras/node_modules/react-hook-form/dist/types/form").Control<{ empreendimentoIds: string[]; tipo: "Ambiental" | "Auditoria" | "Apoio Gerenciamento" | "Consultoria" | "Desapropria├º├Áes" | "Execu├º├úo de Obras" | "Execu├º├úo de Projeto" | "Inspe├º├Áes" | "Interfer├¬ncias" | "R...'. Two different types with this name exist, but they are unrelated.
  The types of '_options.resolver' are incompatible between these types.
    Type 'import("C:/Users/x437719/Downloads/planejamento_spobras/node_modules/react-hook-form/dist/types/resolvers").Resolver<{ empreendimentoIds: string[]; tipo: "Ambiental" | "Auditoria" | "Apoio Gerenciamento" | "Consultoria" | "Desapropria├º├Áes" | "Execu├º├úo de Obras" | "Execu├º├úo de Projeto" | "Inspe├º├Áes" | "Interfer├¬ncias...' is not assignable to type 'import("C:/Users/x437719/Downloads/planejamento_spobras/node_modules/react-hook-form/dist/types/resolvers").Resolver<{ empreendimentoIds: string[]; tipo: "Ambiental" | "Auditoria" | "Apoio Gerenciamento" | "Consultoria" | "Desapropria├º├Áes" | "Execu├º├úo de Obras" | "Execu├º├úo de Projeto" | "Inspe├º├Áes" | "Interfer├¬ncias...'. Two different types with this name exist, but they are unrelated.
      Type 'import("C:/Users/x437719/Downloads/planejamento_spobras/node_modules/react-hook-form/dist/types/resolvers").Resolver<{ empreendimentoIds: string[]; tipo: "Ambiental" | "Auditoria" | "Apoio Gerenciamento" | "Consultoria" | "Desapropria├º├Áes" | "Execu├º├úo de Obras" | "Execu├º├úo de Projeto" | "Inspe├º├Áes" | "Interfer├¬ncias...' is not assignable to type 'import("C:/Users/x437719/Downloads/planejamento_spobras/node_modules/react-hook-form/dist/types/resolvers").Resolver<{ empreendimentoIds: string[]; tipo: "Ambiental" | "Auditoria" | "Apoio Gerenciamento" | "Consultoria" | "Desapropria├º├Áes" | "Execu├º├úo de Obras" | "Execu├º├úo de Projeto" | "Inspe├º├Áes" | "Interfer├¬ncias...'. Two different types with this name exist, but they are unrelated.
        Type 'import("C:/Users/x437719/Downloads/planejamento_spobras/node_modules/react-hook-form/dist/types/resolvers").ResolverResult<{ empreendimentoIds: string[]; tipo: "Ambiental" | "Auditoria" | "Apoio Gerenciamento" | "Consultoria" | "Desapropria├º├Áes" | "Execu├º├úo de Obras" | "Execu├º├úo de Projeto" | "Inspe├º├Áes" | "Interfer...' is not assignable to type 'import("C:/Users/x437719/Downloads/planejamento_spobras/node_modules/react-hook-form/dist/types/resolvers").ResolverResult<{ empreendimentoIds: string[]; tipo: "Ambiental" | "Auditoria" | "Apoio Gerenciamento" | "Consultoria" | "Desapropria├º├Áes" | "Execu├º├úo de Obras" | "Execu├º├úo de Projeto" | "Inspe├º├Áes" | "Interfer...'. Two different types with this name exist, but they are unrelated.
          Type 'ResolverSuccess<TFieldValues>' is not assignable to type 'ResolverResult<{ empreendimentoIds: string[]; tipo: "Ambiental" | "Auditoria" | "Apoio Gerenciamento" | "Consultoria" | "Desapropria├º├Áes" | "Execu├º├úo de Obras" | "Execu├º├úo de Projeto" | "Inspe├º├Áes" | "Interfer├¬ncias" | "Receita" | "Repasse"; codigo?: string | undefined; descricao?: string | undefined; valor_total?: ...'.
            Type 'ResolverSuccess<TFieldValues>' is not assignable to type 'ResolverSuccess<{ empreendimentoIds: string[]; tipo: "Ambiental" | "Auditoria" | "Apoio Gerenciamento" | "Consultoria" | "Desapropria├º├Áes" | "Execu├º├úo de Obras" | "Execu├º├úo de Projeto" | "Inspe├º├Áes" | "Interfer├¬ncias" | "Receita" | "Repasse"; codigo?: string | undefined; descricao?: string | undefined; valor_total?:...'.
              Type 'TFieldValues' is not assignable to type '{ empreendimentoIds: string[]; tipo: "Ambiental" | "Auditoria" | "Apoio Gerenciamento" | "Consultoria" | "Desapropria├º├Áes" | "Execu├º├úo de Obras" | "Execu├º├úo de Projeto" | "Inspe├º├Áes" | "Interfer├¬ncias" | "Receita" | "Repasse"; codigo?: string | undefined; descricao?: string | undefined; valor_total?: number | undefi...'.
                Type 'FieldValues' is missing the following properties from type '{ empreendimentoIds: string[]; tipo: "Ambiental" | "Auditoria" | "Apoio Gerenciamento" | "Consultoria" | "Desapropria├º├Áes" | "Execu├º├úo de Obras" | "Execu├º├úo de Projeto" | "Inspe├º├Áes" | "Interfer├¬ncias" | "Receita" | "Repasse"; codigo?: string | undefined; descricao?: string | undefined; valor_total?: number | undefi...': empreendimentoIds, tipo
src/components/relationships/bulk-service-dialog.tsx(180,33): error TS2719: Type 'import("C:/Users/x437719/Downloads/planejamento_spobras/node_modules/react-hook-form/dist/types/form").Control<{ empreendimentoIds: string[]; tipo: "Ambiental" | "Auditoria" | "Apoio Gerenciamento" | "Consultoria" | "Desapropria├º├Áes" | "Execu├º├úo de Obras" | "Execu├º├úo de Projeto" | "Inspe├º├Áes" | "Interfer├¬ncias" | "R...' is not assignable to type 'import("C:/Users/x437719/Downloads/planejamento_spobras/node_modules/react-hook-form/dist/types/form").Control<{ empreendimentoIds: string[]; tipo: "Ambiental" | "Auditoria" | "Apoio Gerenciamento" | "Consultoria" | "Desapropria├º├Áes" | "Execu├º├úo de Obras" | "Execu├º├úo de Projeto" | "Inspe├º├Áes" | "Interfer├¬ncias" | "R...'. Two different types with this name exist, but they are unrelated.
  The types of '_options.resolver' are incompatible between these types.
    Type 'import("C:/Users/x437719/Downloads/planejamento_spobras/node_modules/react-hook-form/dist/types/resolvers").Resolver<{ empreendimentoIds: string[]; tipo: "Ambiental" | "Auditoria" | "Apoio Gerenciamento" | "Consultoria" | "Desapropria├º├Áes" | "Execu├º├úo de Obras" | "Execu├º├úo de Projeto" | "Inspe├º├Áes" | "Interfer├¬ncias...' is not assignable to type 'import("C:/Users/x437719/Downloads/planejamento_spobras/node_modules/react-hook-form/dist/types/resolvers").Resolver<{ empreendimentoIds: string[]; tipo: "Ambiental" | "Auditoria" | "Apoio Gerenciamento" | "Consultoria" | "Desapropria├º├Áes" | "Execu├º├úo de Obras" | "Execu├º├úo de Projeto" | "Inspe├º├Áes" | "Interfer├¬ncias...'. Two different types with this name exist, but they are unrelated.
      Type 'import("C:/Users/x437719/Downloads/planejamento_spobras/node_modules/react-hook-form/dist/types/resolvers").Resolver<{ empreendimentoIds: string[]; tipo: "Ambiental" | "Auditoria" | "Apoio Gerenciamento" | "Consultoria" | "Desapropria├º├Áes" | "Execu├º├úo de Obras" | "Execu├º├úo de Projeto" | "Inspe├º├Áes" | "Interfer├¬ncias...' is not assignable to type 'import("C:/Users/x437719/Downloads/planejamento_spobras/node_modules/react-hook-form/dist/types/resolvers").Resolver<{ empreendimentoIds: string[]; tipo: "Ambiental" | "Auditoria" | "Apoio Gerenciamento" | "Consultoria" | "Desapropria├º├Áes" | "Execu├º├úo de Obras" | "Execu├º├úo de Projeto" | "Inspe├º├Áes" | "Interfer├¬ncias...'. Two different types with this name exist, but they are unrelated.
        Type 'import("C:/Users/x437719/Downloads/planejamento_spobras/node_modules/react-hook-form/dist/types/resolvers").ResolverResult<{ empreendimentoIds: string[]; tipo: "Ambiental" | "Auditoria" | "Apoio Gerenciamento" | "Consultoria" | "Desapropria├º├Áes" | "Execu├º├úo de Obras" | "Execu├º├úo de Projeto" | "Inspe├º├Áes" | "Interfer...' is not assignable to type 'import("C:/Users/x437719/Downloads/planejamento_spobras/node_modules/react-hook-form/dist/types/resolvers").ResolverResult<{ empreendimentoIds: string[]; tipo: "Ambiental" | "Auditoria" | "Apoio Gerenciamento" | "Consultoria" | "Desapropria├º├Áes" | "Execu├º├úo de Obras" | "Execu├º├úo de Projeto" | "Inspe├º├Áes" | "Interfer...'. Two different types with this name exist, but they are unrelated.
          Type 'ResolverSuccess<TFieldValues>' is not assignable to type 'ResolverResult<{ empreendimentoIds: string[]; tipo: "Ambiental" | "Auditoria" | "Apoio Gerenciamento" | "Consultoria" | "Desapropria├º├Áes" | "Execu├º├úo de Obras" | "Execu├º├úo de Projeto" | "Inspe├º├Áes" | "Interfer├¬ncias" | "Receita" | "Repasse"; codigo?: string | undefined; descricao?: string | undefined; valor_total?: ...'.
            Type 'ResolverSuccess<TFieldValues>' is not assignable to type 'ResolverSuccess<{ empreendimentoIds: string[]; tipo: "Ambiental" | "Auditoria" | "Apoio Gerenciamento" | "Consultoria" | "Desapropria├º├Áes" | "Execu├º├úo de Obras" | "Execu├º├úo de Projeto" | "Inspe├º├Áes" | "Interfer├¬ncias" | "Receita" | "Repasse"; codigo?: string | undefined; descricao?: string | undefined; valor_total?:...'.
              Type 'TFieldValues' is not assignable to type '{ empreendimentoIds: string[]; tipo: "Ambiental" | "Auditoria" | "Apoio Gerenciamento" | "Consultoria" | "Desapropria├º├Áes" | "Execu├º├úo de Obras" | "Execu├º├úo de Projeto" | "Inspe├º├Áes" | "Interfer├¬ncias" | "Receita" | "Repasse"; codigo?: string | undefined; descricao?: string | undefined; valor_total?: number | undefi...'.
                Type 'FieldValues' is missing the following properties from type '{ empreendimentoIds: string[]; tipo: "Ambiental" | "Auditoria" | "Apoio Gerenciamento" | "Consultoria" | "Desapropria├º├Áes" | "Execu├º├úo de Obras" | "Execu├º├úo de Projeto" | "Inspe├º├Áes" | "Interfer├¬ncias" | "Receita" | "Repasse"; codigo?: string | undefined; descricao?: string | undefined; valor_total?: number | undefi...': empreendimentoIds, tipo
src/components/relationships/servico-dialog.tsx(38,13): error TS2769: No overload matches this call.
  Overload 1 of 2, '(values: readonly ["Ambiental", "Auditoria", "Apoio Gerenciamento", "Consultoria", "Desapropria├º├Áes", "Execu├º├úo de Obras", "Execu├º├úo de Projeto", "Inspe├º├Áes", "Interfer├¬ncias", "Receita", "Repasse"], params?: string | ... 1 more ... | undefined): ZodEnum<...>', gave the following error.
    Object literal may only specify known properties, and 'errorMap' does not exist in type '{ error?: string | $ZodErrorMap<$ZodIssueInvalidValue<unknown>> | undefined; message?: string | undefined; }'.
  Overload 2 of 2, '(entries: Readonly<Record<string, EnumValue>>, params?: string | { error?: string | $ZodErrorMap<$ZodIssueInvalidValue<unknown>> | undefined; message?: string | undefined; } | undefined): ZodEnum<...>', gave the following error.
    Argument of type 'readonly ["Ambiental", "Auditoria", "Apoio Gerenciamento", "Consultoria", "Desapropria├º├Áes", "Execu├º├úo de Obras", "Execu├º├úo de Projeto", "Inspe├º├Áes", "Interfer├¬ncias", "Receita", "Repasse"]' is not assignable to parameter of type 'Readonly<Record<string, EnumValue>>'.
      Index signature for type 'string' is missing in type 'readonly ["Ambiental", "Auditoria", "Apoio Gerenciamento", "Consultoria", "Desapropria├º├Áes", "Execu├º├úo de Obras", "Execu├º├úo de Projeto", "Inspe├º├Áes", "Interfer├¬ncias", "Receita", "Repasse"]'.
src/components/relationships/servico-dialog.tsx(67,9): error TS2322: Type 'Resolver<{ tipo: "Ambiental" | "Auditoria" | "Apoio Gerenciamento" | "Consultoria" | "Desapropria├º├Áes" | "Execu├º├úo de Obras" | "Execu├º├úo de Projeto" | "Inspe├º├Áes" | "Interfer├¬ncias" | "Receita" | "Repasse"; contrato_id?: string | undefined; codigo?: string | undefined; descricao?: string | undefined; valor_total?: u...' is not assignable to type 'Resolver<{ tipo: "Ambiental" | "Auditoria" | "Apoio Gerenciamento" | "Consultoria" | "Desapropria├º├Áes" | "Execu├º├úo de Obras" | "Execu├º├úo de Projeto" | "Inspe├º├Áes" | "Interfer├¬ncias" | "Receita" | "Repasse"; contrato_id?: string | undefined; codigo?: string | undefined; descricao?: string | undefined; valor_total?: n...'.
  Types of parameters 'options' and 'options' are incompatible.
    Type 'import("C:/Users/x437719/Downloads/planejamento_spobras/node_modules/react-hook-form/dist/types/resolvers").ResolverOptions<{ tipo: "Ambiental" | "Auditoria" | "Apoio Gerenciamento" | "Consultoria" | "Desapropria├º├Áes" | "Execu├º├úo de Obras" | "Execu├º├úo de Projeto" | "Inspe├º├Áes" | "Interfer├¬ncias" | "Receita" | "Repas...' is not assignable to type 'import("C:/Users/x437719/Downloads/planejamento_spobras/node_modules/react-hook-form/dist/types/resolvers").ResolverOptions<{ tipo: "Ambiental" | "Auditoria" | "Apoio Gerenciamento" | "Consultoria" | "Desapropria├º├Áes" | "Execu├º├úo de Obras" | "Execu├º├úo de Projeto" | "Inspe├º├Áes" | "Interfer├¬ncias" | "Receita" | "Repas...'. Two different types with this name exist, but they are unrelated.
      Type 'unknown' is not assignable to type 'number | undefined'.
src/components/relationships/servico-dialog.tsx(140,55): error TS2345: Argument of type '(values: FormData) => Promise<void>' is not assignable to parameter of type 'SubmitHandler<TFieldValues>'.
  Types of parameters 'values' and 'data' are incompatible.
    Type 'TFieldValues' is not assignable to type '{ tipo: "Ambiental" | "Auditoria" | "Apoio Gerenciamento" | "Consultoria" | "Desapropria├º├Áes" | "Execu├º├úo de Obras" | "Execu├º├úo de Projeto" | "Inspe├º├Áes" | "Interfer├¬ncias" | "Receita" | "Repasse"; contrato_id?: string | undefined; codigo?: string | undefined; descricao?: string | undefined; valor_total?: number | u...'.
      Property 'tipo' is missing in type 'FieldValues' but required in type '{ tipo: "Ambiental" | "Auditoria" | "Apoio Gerenciamento" | "Consultoria" | "Desapropria├º├Áes" | "Execu├º├úo de Obras" | "Execu├º├úo de Projeto" | "Inspe├º├Áes" | "Interfer├¬ncias" | "Receita" | "Repasse"; contrato_id?: string | undefined; codigo?: string | undefined; descricao?: string | undefined; valor_total?: number | u...'.
src/components/relationships/servico-dialog.tsx(143,33): error TS2719: Type 'import("C:/Users/x437719/Downloads/planejamento_spobras/node_modules/react-hook-form/dist/types/form").Control<{ tipo: "Ambiental" | "Auditoria" | "Apoio Gerenciamento" | "Consultoria" | "Desapropria├º├Áes" | "Execu├º├úo de Obras" | "Execu├º├úo de Projeto" | "Inspe├º├Áes" | "Interfer├¬ncias" | "Receita" | "Repasse"; contrato...' is not assignable to type 'import("C:/Users/x437719/Downloads/planejamento_spobras/node_modules/react-hook-form/dist/types/form").Control<{ tipo: "Ambiental" | "Auditoria" | "Apoio Gerenciamento" | "Consultoria" | "Desapropria├º├Áes" | "Execu├º├úo de Obras" | "Execu├º├úo de Projeto" | "Inspe├º├Áes" | "Interfer├¬ncias" | "Receita" | "Repasse"; contrato...'. Two different types with this name exist, but they are unrelated.
  The types of '_options.resolver' are incompatible between these types.
    Type 'import("C:/Users/x437719/Downloads/planejamento_spobras/node_modules/react-hook-form/dist/types/resolvers").Resolver<{ tipo: "Ambiental" | "Auditoria" | "Apoio Gerenciamento" | "Consultoria" | "Desapropria├º├Áes" | "Execu├º├úo de Obras" | "Execu├º├úo de Projeto" | "Inspe├º├Áes" | "Interfer├¬ncias" | "Receita" | "Repasse"; co...' is not assignable to type 'import("C:/Users/x437719/Downloads/planejamento_spobras/node_modules/react-hook-form/dist/types/resolvers").Resolver<{ tipo: "Ambiental" | "Auditoria" | "Apoio Gerenciamento" | "Consultoria" | "Desapropria├º├Áes" | "Execu├º├úo de Obras" | "Execu├º├úo de Projeto" | "Inspe├º├Áes" | "Interfer├¬ncias" | "Receita" | "Repasse"; co...'. Two different types with this name exist, but they are unrelated.
      Type 'import("C:/Users/x437719/Downloads/planejamento_spobras/node_modules/react-hook-form/dist/types/resolvers").Resolver<{ tipo: "Ambiental" | "Auditoria" | "Apoio Gerenciamento" | "Consultoria" | "Desapropria├º├Áes" | "Execu├º├úo de Obras" | "Execu├º├úo de Projeto" | "Inspe├º├Áes" | "Interfer├¬ncias" | "Receita" | "Repasse"; co...' is not assignable to type 'import("C:/Users/x437719/Downloads/planejamento_spobras/node_modules/react-hook-form/dist/types/resolvers").Resolver<{ tipo: "Ambiental" | "Auditoria" | "Apoio Gerenciamento" | "Consultoria" | "Desapropria├º├Áes" | "Execu├º├úo de Obras" | "Execu├º├úo de Projeto" | "Inspe├º├Áes" | "Interfer├¬ncias" | "Receita" | "Repasse"; co...'. Two different types with this name exist, but they are unrelated.
        Type 'import("C:/Users/x437719/Downloads/planejamento_spobras/node_modules/react-hook-form/dist/types/resolvers").ResolverResult<{ tipo: "Ambiental" | "Auditoria" | "Apoio Gerenciamento" | "Consultoria" | "Desapropria├º├Áes" | "Execu├º├úo de Obras" | "Execu├º├úo de Projeto" | "Inspe├º├Áes" | "Interfer├¬ncias" | "Receita" | "Repass...' is not assignable to type 'import("C:/Users/x437719/Downloads/planejamento_spobras/node_modules/react-hook-form/dist/types/resolvers").ResolverResult<{ tipo: "Ambiental" | "Auditoria" | "Apoio Gerenciamento" | "Consultoria" | "Desapropria├º├Áes" | "Execu├º├úo de Obras" | "Execu├º├úo de Projeto" | "Inspe├º├Áes" | "Interfer├¬ncias" | "Receita" | "Repass...'. Two different types with this name exist, but they are unrelated.
          Type 'ResolverSuccess<TFieldValues>' is not assignable to type 'ResolverResult<{ tipo: "Ambiental" | "Auditoria" | "Apoio Gerenciamento" | "Consultoria" | "Desapropria├º├Áes" | "Execu├º├úo de Obras" | "Execu├º├úo de Projeto" | "Inspe├º├Áes" | "Interfer├¬ncias" | "Receita" | "Repasse"; contrato_id?: string | undefined; codigo?: string | undefined; descricao?: string | undefined; valor_tot...'.
            Type 'ResolverSuccess<TFieldValues>' is not assignable to type 'ResolverSuccess<{ tipo: "Ambiental" | "Auditoria" | "Apoio Gerenciamento" | "Consultoria" | "Desapropria├º├Áes" | "Execu├º├úo de Obras" | "Execu├º├úo de Projeto" | "Inspe├º├Áes" | "Interfer├¬ncias" | "Receita" | "Repasse"; contrato_id?: string | undefined; codigo?: string | undefined; descricao?: string | undefined; valor_to...'.
              Type 'TFieldValues' is not assignable to type '{ tipo: "Ambiental" | "Auditoria" | "Apoio Gerenciamento" | "Consultoria" | "Desapropria├º├Áes" | "Execu├º├úo de Obras" | "Execu├º├úo de Projeto" | "Inspe├º├Áes" | "Interfer├¬ncias" | "Receita" | "Repasse"; contrato_id?: string | undefined; codigo?: string | undefined; descricao?: string | undefined; valor_total?: number | u...'.
                Property 'tipo' is missing in type 'FieldValues' but required in type '{ tipo: "Ambiental" | "Auditoria" | "Apoio Gerenciamento" | "Consultoria" | "Desapropria├º├Áes" | "Execu├º├úo de Obras" | "Execu├º├úo de Projeto" | "Inspe├º├Áes" | "Interfer├¬ncias" | "Receita" | "Repasse"; contrato_id?: string | undefined; codigo?: string | undefined; descricao?: string | undefined; valor_total?: number | u...'.
src/components/relationships/servico-dialog.tsx(169,33): error TS2719: Type 'import("C:/Users/x437719/Downloads/planejamento_spobras/node_modules/react-hook-form/dist/types/form").Control<{ tipo: "Ambiental" | "Auditoria" | "Apoio Gerenciamento" | "Consultoria" | "Desapropria├º├Áes" | "Execu├º├úo de Obras" | "Execu├º├úo de Projeto" | "Inspe├º├Áes" | "Interfer├¬ncias" | "Receita" | "Repasse"; contrato...' is not assignable to type 'import("C:/Users/x437719/Downloads/planejamento_spobras/node_modules/react-hook-form/dist/types/form").Control<{ tipo: "Ambiental" | "Auditoria" | "Apoio Gerenciamento" | "Consultoria" | "Desapropria├º├Áes" | "Execu├º├úo de Obras" | "Execu├º├úo de Projeto" | "Inspe├º├Áes" | "Interfer├¬ncias" | "Receita" | "Repasse"; contrato...'. Two different types with this name exist, but they are unrelated.
  The types of '_options.resolver' are incompatible between these types.
    Type 'import("C:/Users/x437719/Downloads/planejamento_spobras/node_modules/react-hook-form/dist/types/resolvers").Resolver<{ tipo: "Ambiental" | "Auditoria" | "Apoio Gerenciamento" | "Consultoria" | "Desapropria├º├Áes" | "Execu├º├úo de Obras" | "Execu├º├úo de Projeto" | "Inspe├º├Áes" | "Interfer├¬ncias" | "Receita" | "Repasse"; co...' is not assignable to type 'import("C:/Users/x437719/Downloads/planejamento_spobras/node_modules/react-hook-form/dist/types/resolvers").Resolver<{ tipo: "Ambiental" | "Auditoria" | "Apoio Gerenciamento" | "Consultoria" | "Desapropria├º├Áes" | "Execu├º├úo de Obras" | "Execu├º├úo de Projeto" | "Inspe├º├Áes" | "Interfer├¬ncias" | "Receita" | "Repasse"; co...'. Two different types with this name exist, but they are unrelated.
      Type 'import("C:/Users/x437719/Downloads/planejamento_spobras/node_modules/react-hook-form/dist/types/resolvers").Resolver<{ tipo: "Ambiental" | "Auditoria" | "Apoio Gerenciamento" | "Consultoria" | "Desapropria├º├Áes" | "Execu├º├úo de Obras" | "Execu├º├úo de Projeto" | "Inspe├º├Áes" | "Interfer├¬ncias" | "Receita" | "Repasse"; co...' is not assignable to type 'import("C:/Users/x437719/Downloads/planejamento_spobras/node_modules/react-hook-form/dist/types/resolvers").Resolver<{ tipo: "Ambiental" | "Auditoria" | "Apoio Gerenciamento" | "Consultoria" | "Desapropria├º├Áes" | "Execu├º├úo de Obras" | "Execu├º├úo de Projeto" | "Inspe├º├Áes" | "Interfer├¬ncias" | "Receita" | "Repasse"; co...'. Two different types with this name exist, but they are unrelated.
        Type 'import("C:/Users/x437719/Downloads/planejamento_spobras/node_modules/react-hook-form/dist/types/resolvers").ResolverResult<{ tipo: "Ambiental" | "Auditoria" | "Apoio Gerenciamento" | "Consultoria" | "Desapropria├º├Áes" | "Execu├º├úo de Obras" | "Execu├º├úo de Projeto" | "Inspe├º├Áes" | "Interfer├¬ncias" | "Receita" | "Repass...' is not assignable to type 'import("C:/Users/x437719/Downloads/planejamento_spobras/node_modules/react-hook-form/dist/types/resolvers").ResolverResult<{ tipo: "Ambiental" | "Auditoria" | "Apoio Gerenciamento" | "Consultoria" | "Desapropria├º├Áes" | "Execu├º├úo de Obras" | "Execu├º├úo de Projeto" | "Inspe├º├Áes" | "Interfer├¬ncias" | "Receita" | "Repass...'. Two different types with this name exist, but they are unrelated.
          Type 'ResolverSuccess<TFieldValues>' is not assignable to type 'ResolverResult<{ tipo: "Ambiental" | "Auditoria" | "Apoio Gerenciamento" | "Consultoria" | "Desapropria├º├Áes" | "Execu├º├úo de Obras" | "Execu├º├úo de Projeto" | "Inspe├º├Áes" | "Interfer├¬ncias" | "Receita" | "Repasse"; contrato_id?: string | undefined; codigo?: string | undefined; descricao?: string | undefined; valor_tot...'.
            Type 'ResolverSuccess<TFieldValues>' is not assignable to type 'ResolverSuccess<{ tipo: "Ambiental" | "Auditoria" | "Apoio Gerenciamento" | "Consultoria" | "Desapropria├º├Áes" | "Execu├º├úo de Obras" | "Execu├º├úo de Projeto" | "Inspe├º├Áes" | "Interfer├¬ncias" | "Receita" | "Repasse"; contrato_id?: string | undefined; codigo?: string | undefined; descricao?: string | undefined; valor_to...'.
              Type 'TFieldValues' is not assignable to type '{ tipo: "Ambiental" | "Auditoria" | "Apoio Gerenciamento" | "Consultoria" | "Desapropria├º├Áes" | "Execu├º├úo de Obras" | "Execu├º├úo de Projeto" | "Inspe├º├Áes" | "Interfer├¬ncias" | "Receita" | "Repasse"; contrato_id?: string | undefined; codigo?: string | undefined; descricao?: string | undefined; valor_total?: number | u...'.
                Property 'tipo' is missing in type 'FieldValues' but required in type '{ tipo: "Ambiental" | "Auditoria" | "Apoio Gerenciamento" | "Consultoria" | "Desapropria├º├Áes" | "Execu├º├úo de Obras" | "Execu├º├úo de Projeto" | "Inspe├º├Áes" | "Interfer├¬ncias" | "Receita" | "Repasse"; contrato_id?: string | undefined; codigo?: string | undefined; descricao?: string | undefined; valor_total?: number | u...'.
src/components/relationships/servico-dialog.tsx(192,33): error TS2719: Type 'import("C:/Users/x437719/Downloads/planejamento_spobras/node_modules/react-hook-form/dist/types/form").Control<{ tipo: "Ambiental" | "Auditoria" | "Apoio Gerenciamento" | "Consultoria" | "Desapropria├º├Áes" | "Execu├º├úo de Obras" | "Execu├º├úo de Projeto" | "Inspe├º├Áes" | "Interfer├¬ncias" | "Receita" | "Repasse"; contrato...' is not assignable to type 'import("C:/Users/x437719/Downloads/planejamento_spobras/node_modules/react-hook-form/dist/types/form").Control<{ tipo: "Ambiental" | "Auditoria" | "Apoio Gerenciamento" | "Consultoria" | "Desapropria├º├Áes" | "Execu├º├úo de Obras" | "Execu├º├úo de Projeto" | "Inspe├º├Áes" | "Interfer├¬ncias" | "Receita" | "Repasse"; contrato...'. Two different types with this name exist, but they are unrelated.
  The types of '_options.resolver' are incompatible between these types.
    Type 'import("C:/Users/x437719/Downloads/planejamento_spobras/node_modules/react-hook-form/dist/types/resolvers").Resolver<{ tipo: "Ambiental" | "Auditoria" | "Apoio Gerenciamento" | "Consultoria" | "Desapropria├º├Áes" | "Execu├º├úo de Obras" | "Execu├º├úo de Projeto" | "Inspe├º├Áes" | "Interfer├¬ncias" | "Receita" | "Repasse"; co...' is not assignable to type 'import("C:/Users/x437719/Downloads/planejamento_spobras/node_modules/react-hook-form/dist/types/resolvers").Resolver<{ tipo: "Ambiental" | "Auditoria" | "Apoio Gerenciamento" | "Consultoria" | "Desapropria├º├Áes" | "Execu├º├úo de Obras" | "Execu├º├úo de Projeto" | "Inspe├º├Áes" | "Interfer├¬ncias" | "Receita" | "Repasse"; co...'. Two different types with this name exist, but they are unrelated.
      Type 'import("C:/Users/x437719/Downloads/planejamento_spobras/node_modules/react-hook-form/dist/types/resolvers").Resolver<{ tipo: "Ambiental" | "Auditoria" | "Apoio Gerenciamento" | "Consultoria" | "Desapropria├º├Áes" | "Execu├º├úo de Obras" | "Execu├º├úo de Projeto" | "Inspe├º├Áes" | "Interfer├¬ncias" | "Receita" | "Repasse"; co...' is not assignable to type 'import("C:/Users/x437719/Downloads/planejamento_spobras/node_modules/react-hook-form/dist/types/resolvers").Resolver<{ tipo: "Ambiental" | "Auditoria" | "Apoio Gerenciamento" | "Consultoria" | "Desapropria├º├Áes" | "Execu├º├úo de Obras" | "Execu├º├úo de Projeto" | "Inspe├º├Áes" | "Interfer├¬ncias" | "Receita" | "Repasse"; co...'. Two different types with this name exist, but they are unrelated.
        Type 'import("C:/Users/x437719/Downloads/planejamento_spobras/node_modules/react-hook-form/dist/types/resolvers").ResolverResult<{ tipo: "Ambiental" | "Auditoria" | "Apoio Gerenciamento" | "Consultoria" | "Desapropria├º├Áes" | "Execu├º├úo de Obras" | "Execu├º├úo de Projeto" | "Inspe├º├Áes" | "Interfer├¬ncias" | "Receita" | "Repass...' is not assignable to type 'import("C:/Users/x437719/Downloads/planejamento_spobras/node_modules/react-hook-form/dist/types/resolvers").ResolverResult<{ tipo: "Ambiental" | "Auditoria" | "Apoio Gerenciamento" | "Consultoria" | "Desapropria├º├Áes" | "Execu├º├úo de Obras" | "Execu├º├úo de Projeto" | "Inspe├º├Áes" | "Interfer├¬ncias" | "Receita" | "Repass...'. Two different types with this name exist, but they are unrelated.
          Type 'ResolverSuccess<TFieldValues>' is not assignable to type 'ResolverResult<{ tipo: "Ambiental" | "Auditoria" | "Apoio Gerenciamento" | "Consultoria" | "Desapropria├º├Áes" | "Execu├º├úo de Obras" | "Execu├º├úo de Projeto" | "Inspe├º├Áes" | "Interfer├¬ncias" | "Receita" | "Repasse"; contrato_id?: string | undefined; codigo?: string | undefined; descricao?: string | undefined; valor_tot...'.
            Type 'ResolverSuccess<TFieldValues>' is not assignable to type 'ResolverSuccess<{ tipo: "Ambiental" | "Auditoria" | "Apoio Gerenciamento" | "Consultoria" | "Desapropria├º├Áes" | "Execu├º├úo de Obras" | "Execu├º├úo de Projeto" | "Inspe├º├Áes" | "Interfer├¬ncias" | "Receita" | "Repasse"; contrato_id?: string | undefined; codigo?: string | undefined; descricao?: string | undefined; valor_to...'.
              Type 'TFieldValues' is not assignable to type '{ tipo: "Ambiental" | "Auditoria" | "Apoio Gerenciamento" | "Consultoria" | "Desapropria├º├Áes" | "Execu├º├úo de Obras" | "Execu├º├úo de Projeto" | "Inspe├º├Áes" | "Interfer├¬ncias" | "Receita" | "Repasse"; contrato_id?: string | undefined; codigo?: string | undefined; descricao?: string | undefined; valor_total?: number | u...'.
                Property 'tipo' is missing in type 'FieldValues' but required in type '{ tipo: "Ambiental" | "Auditoria" | "Apoio Gerenciamento" | "Consultoria" | "Desapropria├º├Áes" | "Execu├º├úo de Obras" | "Execu├º├úo de Projeto" | "Inspe├º├Áes" | "Interfer├¬ncias" | "Receita" | "Repasse"; contrato_id?: string | undefined; codigo?: string | undefined; descricao?: string | undefined; valor_total?: number | u...'.
src/components/relationships/servico-dialog.tsx(207,29): error TS2719: Type 'import("C:/Users/x437719/Downloads/planejamento_spobras/node_modules/react-hook-form/dist/types/form").Control<{ tipo: "Ambiental" | "Auditoria" | "Apoio Gerenciamento" | "Consultoria" | "Desapropria├º├Áes" | "Execu├º├úo de Obras" | "Execu├º├úo de Projeto" | "Inspe├º├Áes" | "Interfer├¬ncias" | "Receita" | "Repasse"; contrato...' is not assignable to type 'import("C:/Users/x437719/Downloads/planejamento_spobras/node_modules/react-hook-form/dist/types/form").Control<{ tipo: "Ambiental" | "Auditoria" | "Apoio Gerenciamento" | "Consultoria" | "Desapropria├º├Áes" | "Execu├º├úo de Obras" | "Execu├º├úo de Projeto" | "Inspe├º├Áes" | "Interfer├¬ncias" | "Receita" | "Repasse"; contrato...'. Two different types with this name exist, but they are unrelated.
  The types of '_options.resolver' are incompatible between these types.
    Type 'import("C:/Users/x437719/Downloads/planejamento_spobras/node_modules/react-hook-form/dist/types/resolvers").Resolver<{ tipo: "Ambiental" | "Auditoria" | "Apoio Gerenciamento" | "Consultoria" | "Desapropria├º├Áes" | "Execu├º├úo de Obras" | "Execu├º├úo de Projeto" | "Inspe├º├Áes" | "Interfer├¬ncias" | "Receita" | "Repasse"; co...' is not assignable to type 'import("C:/Users/x437719/Downloads/planejamento_spobras/node_modules/react-hook-form/dist/types/resolvers").Resolver<{ tipo: "Ambiental" | "Auditoria" | "Apoio Gerenciamento" | "Consultoria" | "Desapropria├º├Áes" | "Execu├º├úo de Obras" | "Execu├º├úo de Projeto" | "Inspe├º├Áes" | "Interfer├¬ncias" | "Receita" | "Repasse"; co...'. Two different types with this name exist, but they are unrelated.
      Type 'import("C:/Users/x437719/Downloads/planejamento_spobras/node_modules/react-hook-form/dist/types/resolvers").Resolver<{ tipo: "Ambiental" | "Auditoria" | "Apoio Gerenciamento" | "Consultoria" | "Desapropria├º├Áes" | "Execu├º├úo de Obras" | "Execu├º├úo de Projeto" | "Inspe├º├Áes" | "Interfer├¬ncias" | "Receita" | "Repasse"; co...' is not assignable to type 'import("C:/Users/x437719/Downloads/planejamento_spobras/node_modules/react-hook-form/dist/types/resolvers").Resolver<{ tipo: "Ambiental" | "Auditoria" | "Apoio Gerenciamento" | "Consultoria" | "Desapropria├º├Áes" | "Execu├º├úo de Obras" | "Execu├º├úo de Projeto" | "Inspe├º├Áes" | "Interfer├¬ncias" | "Receita" | "Repasse"; co...'. Two different types with this name exist, but they are unrelated.
        Type 'import("C:/Users/x437719/Downloads/planejamento_spobras/node_modules/react-hook-form/dist/types/resolvers").ResolverResult<{ tipo: "Ambiental" | "Auditoria" | "Apoio Gerenciamento" | "Consultoria" | "Desapropria├º├Áes" | "Execu├º├úo de Obras" | "Execu├º├úo de Projeto" | "Inspe├º├Áes" | "Interfer├¬ncias" | "Receita" | "Repass...' is not assignable to type 'import("C:/Users/x437719/Downloads/planejamento_spobras/node_modules/react-hook-form/dist/types/resolvers").ResolverResult<{ tipo: "Ambiental" | "Auditoria" | "Apoio Gerenciamento" | "Consultoria" | "Desapropria├º├Áes" | "Execu├º├úo de Obras" | "Execu├º├úo de Projeto" | "Inspe├º├Áes" | "Interfer├¬ncias" | "Receita" | "Repass...'. Two different types with this name exist, but they are unrelated.
          Type 'ResolverSuccess<TFieldValues>' is not assignable to type 'ResolverResult<{ tipo: "Ambiental" | "Auditoria" | "Apoio Gerenciamento" | "Consultoria" | "Desapropria├º├Áes" | "Execu├º├úo de Obras" | "Execu├º├úo de Projeto" | "Inspe├º├Áes" | "Interfer├¬ncias" | "Receita" | "Repasse"; contrato_id?: string | undefined; codigo?: string | undefined; descricao?: string | undefined; valor_tot...'.
            Type 'ResolverSuccess<TFieldValues>' is not assignable to type 'ResolverSuccess<{ tipo: "Ambiental" | "Auditoria" | "Apoio Gerenciamento" | "Consultoria" | "Desapropria├º├Áes" | "Execu├º├úo de Obras" | "Execu├º├úo de Projeto" | "Inspe├º├Áes" | "Interfer├¬ncias" | "Receita" | "Repasse"; contrato_id?: string | undefined; codigo?: string | undefined; descricao?: string | undefined; valor_to...'.
              Type 'TFieldValues' is not assignable to type '{ tipo: "Ambiental" | "Auditoria" | "Apoio Gerenciamento" | "Consultoria" | "Desapropria├º├Áes" | "Execu├º├úo de Obras" | "Execu├º├úo de Projeto" | "Inspe├º├Áes" | "Interfer├¬ncias" | "Receita" | "Repasse"; contrato_id?: string | undefined; codigo?: string | undefined; descricao?: string | undefined; valor_total?: number | u...'.
                Property 'tipo' is missing in type 'FieldValues' but required in type '{ tipo: "Ambiental" | "Auditoria" | "Apoio Gerenciamento" | "Consultoria" | "Desapropria├º├Áes" | "Execu├º├úo de Obras" | "Execu├º├úo de Projeto" | "Inspe├º├Áes" | "Interfer├¬ncias" | "Receita" | "Repasse"; contrato_id?: string | undefined; codigo?: string | undefined; descricao?: string | undefined; valor_total?: number | u...'.
src/components/relationships/servico-dialog.tsx(222,33): error TS2719: Type 'import("C:/Users/x437719/Downloads/planejamento_spobras/node_modules/react-hook-form/dist/types/form").Control<{ tipo: "Ambiental" | "Auditoria" | "Apoio Gerenciamento" | "Consultoria" | "Desapropria├º├Áes" | "Execu├º├úo de Obras" | "Execu├º├úo de Projeto" | "Inspe├º├Áes" | "Interfer├¬ncias" | "Receita" | "Repasse"; contrato...' is not assignable to type 'import("C:/Users/x437719/Downloads/planejamento_spobras/node_modules/react-hook-form/dist/types/form").Control<{ tipo: "Ambiental" | "Auditoria" | "Apoio Gerenciamento" | "Consultoria" | "Desapropria├º├Áes" | "Execu├º├úo de Obras" | "Execu├º├úo de Projeto" | "Inspe├º├Áes" | "Interfer├¬ncias" | "Receita" | "Repasse"; contrato...'. Two different types with this name exist, but they are unrelated.
  The types of '_options.resolver' are incompatible between these types.
    Type 'import("C:/Users/x437719/Downloads/planejamento_spobras/node_modules/react-hook-form/dist/types/resolvers").Resolver<{ tipo: "Ambiental" | "Auditoria" | "Apoio Gerenciamento" | "Consultoria" | "Desapropria├º├Áes" | "Execu├º├úo de Obras" | "Execu├º├úo de Projeto" | "Inspe├º├Áes" | "Interfer├¬ncias" | "Receita" | "Repasse"; co...' is not assignable to type 'import("C:/Users/x437719/Downloads/planejamento_spobras/node_modules/react-hook-form/dist/types/resolvers").Resolver<{ tipo: "Ambiental" | "Auditoria" | "Apoio Gerenciamento" | "Consultoria" | "Desapropria├º├Áes" | "Execu├º├úo de Obras" | "Execu├º├úo de Projeto" | "Inspe├º├Áes" | "Interfer├¬ncias" | "Receita" | "Repasse"; co...'. Two different types with this name exist, but they are unrelated.
      Type 'import("C:/Users/x437719/Downloads/planejamento_spobras/node_modules/react-hook-form/dist/types/resolvers").Resolver<{ tipo: "Ambiental" | "Auditoria" | "Apoio Gerenciamento" | "Consultoria" | "Desapropria├º├Áes" | "Execu├º├úo de Obras" | "Execu├º├úo de Projeto" | "Inspe├º├Áes" | "Interfer├¬ncias" | "Receita" | "Repasse"; co...' is not assignable to type 'import("C:/Users/x437719/Downloads/planejamento_spobras/node_modules/react-hook-form/dist/types/resolvers").Resolver<{ tipo: "Ambiental" | "Auditoria" | "Apoio Gerenciamento" | "Consultoria" | "Desapropria├º├Áes" | "Execu├º├úo de Obras" | "Execu├º├úo de Projeto" | "Inspe├º├Áes" | "Interfer├¬ncias" | "Receita" | "Repasse"; co...'. Two different types with this name exist, but they are unrelated.
        Type 'import("C:/Users/x437719/Downloads/planejamento_spobras/node_modules/react-hook-form/dist/types/resolvers").ResolverResult<{ tipo: "Ambiental" | "Auditoria" | "Apoio Gerenciamento" | "Consultoria" | "Desapropria├º├Áes" | "Execu├º├úo de Obras" | "Execu├º├úo de Projeto" | "Inspe├º├Áes" | "Interfer├¬ncias" | "Receita" | "Repass...' is not assignable to type 'import("C:/Users/x437719/Downloads/planejamento_spobras/node_modules/react-hook-form/dist/types/resolvers").ResolverResult<{ tipo: "Ambiental" | "Auditoria" | "Apoio Gerenciamento" | "Consultoria" | "Desapropria├º├Áes" | "Execu├º├úo de Obras" | "Execu├º├úo de Projeto" | "Inspe├º├Áes" | "Interfer├¬ncias" | "Receita" | "Repass...'. Two different types with this name exist, but they are unrelated.
          Type 'ResolverSuccess<TFieldValues>' is not assignable to type 'ResolverResult<{ tipo: "Ambiental" | "Auditoria" | "Apoio Gerenciamento" | "Consultoria" | "Desapropria├º├Áes" | "Execu├º├úo de Obras" | "Execu├º├úo de Projeto" | "Inspe├º├Áes" | "Interfer├¬ncias" | "Receita" | "Repasse"; contrato_id?: string | undefined; codigo?: string | undefined; descricao?: string | undefined; valor_tot...'.
            Type 'ResolverSuccess<TFieldValues>' is not assignable to type 'ResolverSuccess<{ tipo: "Ambiental" | "Auditoria" | "Apoio Gerenciamento" | "Consultoria" | "Desapropria├º├Áes" | "Execu├º├úo de Obras" | "Execu├º├úo de Projeto" | "Inspe├º├Áes" | "Interfer├¬ncias" | "Receita" | "Repasse"; contrato_id?: string | undefined; codigo?: string | undefined; descricao?: string | undefined; valor_to...'.
              Type 'TFieldValues' is not assignable to type '{ tipo: "Ambiental" | "Auditoria" | "Apoio Gerenciamento" | "Consultoria" | "Desapropria├º├Áes" | "Execu├º├úo de Obras" | "Execu├º├úo de Projeto" | "Inspe├º├Áes" | "Interfer├¬ncias" | "Receita" | "Repasse"; contrato_id?: string | undefined; codigo?: string | undefined; descricao?: string | undefined; valor_total?: number | u...'.
                Property 'tipo' is missing in type 'FieldValues' but required in type '{ tipo: "Ambiental" | "Auditoria" | "Apoio Gerenciamento" | "Consultoria" | "Desapropria├º├Áes" | "Execu├º├úo de Obras" | "Execu├º├úo de Projeto" | "Inspe├º├Áes" | "Interfer├¬ncias" | "Receita" | "Repasse"; contrato_id?: string | undefined; codigo?: string | undefined; descricao?: string | undefined; valor_total?: number | u...'.
src/lib/validations/index.ts(78,13): error TS2769: No overload matches this call.
  Overload 1 of 2, '(values: readonly ["Ambiental", "Auditoria", "Apoio Gerenciamento", "Consultoria", "Desapropria├º├Áes", "Execu├º├úo de Obras", "Execu├º├úo de Projeto", "Inspe├º├Áes", "Interfer├¬ncias", "Receita", "Repasse"], params?: string | ... 1 more ... | undefined): ZodEnum<...>', gave the following error.
    Object literal may only specify known properties, and 'errorMap' does not exist in type '{ error?: string | $ZodErrorMap<$ZodIssueInvalidValue<unknown>> | undefined; message?: string | undefined; }'.
  Overload 2 of 2, '(entries: Readonly<Record<string, EnumValue>>, params?: string | { error?: string | $ZodErrorMap<$ZodIssueInvalidValue<unknown>> | undefined; message?: string | undefined; } | undefined): ZodEnum<...>', gave the following error.
    Argument of type 'readonly ["Ambiental", "Auditoria", "Apoio Gerenciamento", "Consultoria", "Desapropria├º├Áes", "Execu├º├úo de Obras", "Execu├º├úo de Projeto", "Inspe├º├Áes", "Interfer├¬ncias", "Receita", "Repasse"]' is not assignable to parameter of type 'Readonly<Record<string, EnumValue>>'.
      Index signature for type 'string' is missing in type 'readonly ["Ambiental", "Auditoria", "Apoio Gerenciamento", "Consultoria", "Desapropria├º├Áes", "Execu├º├úo de Obras", "Execu├º├úo de Projeto", "Inspe├º├Áes", "Interfer├¬ncias", "Receita", "Repasse"]'.
